../Core/Src/main.c:112:5:_write	24	static
../Core/Src/main.c:120:5:main	8	static
../Core/Src/main.c:173:6:SystemClock_Config	96	static
../Core/Src/main.c:207:6:Buzzer_Init	40	static
../Core/Src/main.c:230:6:Buzzer_Tone	32	static,ignoring_inline_asm
../Core/Src/main.c:246:6:Buzzer_Beep	32	static
../Core/Src/main.c:257:6:Buzzer_R_Tone	32	static,ignoring_inline_asm
../Core/Src/main.c:273:6:Buzzer_R_Beep	32	static
../Core/Src/main.c:284:6:ToF_Init	16	static
../Core/Src/main.c:307:6:ToF_ProfileConfig	24	static
../Core/Src/main.c:336:6:ToF_Start	16	static
../Core/Src/main.c:346:9:FillBuffer	1312	static
../Core/Src/main.c:368:6:PrintBuffer	24	static
../Core/Src/main.c:381:10:GetMinDistance	32	static
../Core/Src/main.c:395:6:Buzzer_Proximity	32	static
../Core/Src/main.c:422:6:Log	32	static
../Core/Src/main.c:483:6:HAL_GPIO_EXTI_Callback	16	static
../Core/Src/main.c:489:6:HAL_IncTick	8	static
../Core/Src/main.c:505:6:Error_Handler	4	static,ignoring_inline_asm
