../Core/Src/main.c:96:5:_write	24	static
../Core/Src/main.c:104:5:main	8	static
../Core/Src/main.c:151:6:SystemClock_Config	96	static
../Core/Src/main.c:185:6:ToF_Init	16	static
../Core/Src/main.c:208:6:ToF_ProfileConfig	24	static
../Core/Src/main.c:237:6:ToF_Start	16	static
../Core/Src/main.c:247:9:FillBuffer	1312	static
../Core/Src/main.c:269:6:PrintBuffer	24	static
../Core/Src/main.c:280:6:Log	24	static
../Core/Src/main.c:311:6:HAL_GPIO_EXTI_Callback	16	static
../Core/Src/main.c:317:6:HAL_IncTick	8	static
../Core/Src/main.c:333:6:Error_Handler	4	static,ignoring_inline_asm
