Archive member included to satisfy reference by file (symbol)

C:/ST/STM32CubeIDE_1.18.0/STM32CubeIDE/plugins/com.st.stm32cube.ide.mcu.externaltools.gnu-tools-for-stm32.13.3.rel1.win32_1.0.0.202411081344/tools/bin/../lib/gcc/arm-none-eabi/13.3.1/../../../../arm-none-eabi/lib/thumb/v7e-m+fp/hard\libc_nano.a(libc_a-exit.o)
                              C:/ST/STM32CubeIDE_1.18.0/STM32CubeIDE/plugins/com.st.stm32cube.ide.mcu.externaltools.gnu-tools-for-stm32.13.3.rel1.win32_1.0.0.202411081344/tools/bin/../lib/gcc/arm-none-eabi/13.3.1/../../../../arm-none-eabi/lib/thumb/v7e-m+fp/hard/crt0.o (exit)
C:/ST/STM32CubeIDE_1.18.0/STM32CubeIDE/plugins/com.st.stm32cube.ide.mcu.externaltools.gnu-tools-for-stm32.13.3.rel1.win32_1.0.0.202411081344/tools/bin/../lib/gcc/arm-none-eabi/13.3.1/../../../../arm-none-eabi/lib/thumb/v7e-m+fp/hard\libc_nano.a(libc_a-findfp.o)
                              C:/ST/STM32CubeIDE_1.18.0/STM32CubeIDE/plugins/com.st.stm32cube.ide.mcu.externaltools.gnu-tools-for-stm32.13.3.rel1.win32_1.0.0.202411081344/tools/bin/../lib/gcc/arm-none-eabi/13.3.1/../../../../arm-none-eabi/lib/thumb/v7e-m+fp/hard\libc_nano.a(libc_a-exit.o) (__stdio_exit_handler)
C:/ST/STM32CubeIDE_1.18.0/STM32CubeIDE/plugins/com.st.stm32cube.ide.mcu.externaltools.gnu-tools-for-stm32.13.3.rel1.win32_1.0.0.202411081344/tools/bin/../lib/gcc/arm-none-eabi/13.3.1/../../../../arm-none-eabi/lib/thumb/v7e-m+fp/hard\libc_nano.a(libc_a-fwalk.o)
                              C:/ST/STM32CubeIDE_1.18.0/STM32CubeIDE/plugins/com.st.stm32cube.ide.mcu.externaltools.gnu-tools-for-stm32.13.3.rel1.win32_1.0.0.202411081344/tools/bin/../lib/gcc/arm-none-eabi/13.3.1/../../../../arm-none-eabi/lib/thumb/v7e-m+fp/hard\libc_nano.a(libc_a-findfp.o) (_fwalk_sglue)
C:/ST/STM32CubeIDE_1.18.0/STM32CubeIDE/plugins/com.st.stm32cube.ide.mcu.externaltools.gnu-tools-for-stm32.13.3.rel1.win32_1.0.0.202411081344/tools/bin/../lib/gcc/arm-none-eabi/13.3.1/../../../../arm-none-eabi/lib/thumb/v7e-m+fp/hard\libc_nano.a(libc_a-printf.o)
                              ./Core/Src/main.o (printf)
C:/ST/STM32CubeIDE_1.18.0/STM32CubeIDE/plugins/com.st.stm32cube.ide.mcu.externaltools.gnu-tools-for-stm32.13.3.rel1.win32_1.0.0.202411081344/tools/bin/../lib/gcc/arm-none-eabi/13.3.1/../../../../arm-none-eabi/lib/thumb/v7e-m+fp/hard\libc_nano.a(libc_a-puts.o)
                              ./Core/Src/main.o (puts)
C:/ST/STM32CubeIDE_1.18.0/STM32CubeIDE/plugins/com.st.stm32cube.ide.mcu.externaltools.gnu-tools-for-stm32.13.3.rel1.win32_1.0.0.202411081344/tools/bin/../lib/gcc/arm-none-eabi/13.3.1/../../../../arm-none-eabi/lib/thumb/v7e-m+fp/hard\libc_nano.a(libc_a-stdio.o)
                              C:/ST/STM32CubeIDE_1.18.0/STM32CubeIDE/plugins/com.st.stm32cube.ide.mcu.externaltools.gnu-tools-for-stm32.13.3.rel1.win32_1.0.0.202411081344/tools/bin/../lib/gcc/arm-none-eabi/13.3.1/../../../../arm-none-eabi/lib/thumb/v7e-m+fp/hard\libc_nano.a(libc_a-findfp.o) (__sread)
C:/ST/STM32CubeIDE_1.18.0/STM32CubeIDE/plugins/com.st.stm32cube.ide.mcu.externaltools.gnu-tools-for-stm32.13.3.rel1.win32_1.0.0.202411081344/tools/bin/../lib/gcc/arm-none-eabi/13.3.1/../../../../arm-none-eabi/lib/thumb/v7e-m+fp/hard\libc_nano.a(libc_a-wbuf.o)
                              C:/ST/STM32CubeIDE_1.18.0/STM32CubeIDE/plugins/com.st.stm32cube.ide.mcu.externaltools.gnu-tools-for-stm32.13.3.rel1.win32_1.0.0.202411081344/tools/bin/../lib/gcc/arm-none-eabi/13.3.1/../../../../arm-none-eabi/lib/thumb/v7e-m+fp/hard\libc_nano.a(libc_a-puts.o) (__swbuf_r)
C:/ST/STM32CubeIDE_1.18.0/STM32CubeIDE/plugins/com.st.stm32cube.ide.mcu.externaltools.gnu-tools-for-stm32.13.3.rel1.win32_1.0.0.202411081344/tools/bin/../lib/gcc/arm-none-eabi/13.3.1/../../../../arm-none-eabi/lib/thumb/v7e-m+fp/hard\libc_nano.a(libc_a-wsetup.o)
                              C:/ST/STM32CubeIDE_1.18.0/STM32CubeIDE/plugins/com.st.stm32cube.ide.mcu.externaltools.gnu-tools-for-stm32.13.3.rel1.win32_1.0.0.202411081344/tools/bin/../lib/gcc/arm-none-eabi/13.3.1/../../../../arm-none-eabi/lib/thumb/v7e-m+fp/hard\libc_nano.a(libc_a-puts.o) (__swsetup_r)
C:/ST/STM32CubeIDE_1.18.0/STM32CubeIDE/plugins/com.st.stm32cube.ide.mcu.externaltools.gnu-tools-for-stm32.13.3.rel1.win32_1.0.0.202411081344/tools/bin/../lib/gcc/arm-none-eabi/13.3.1/../../../../arm-none-eabi/lib/thumb/v7e-m+fp/hard\libc_nano.a(libc_a-memset.o)
                              C:/ST/STM32CubeIDE_1.18.0/STM32CubeIDE/plugins/com.st.stm32cube.ide.mcu.externaltools.gnu-tools-for-stm32.13.3.rel1.win32_1.0.0.202411081344/tools/bin/../lib/gcc/arm-none-eabi/13.3.1/../../../../arm-none-eabi/lib/thumb/v7e-m+fp/hard/crt0.o (memset)
C:/ST/STM32CubeIDE_1.18.0/STM32CubeIDE/plugins/com.st.stm32cube.ide.mcu.externaltools.gnu-tools-for-stm32.13.3.rel1.win32_1.0.0.202411081344/tools/bin/../lib/gcc/arm-none-eabi/13.3.1/../../../../arm-none-eabi/lib/thumb/v7e-m+fp/hard\libc_nano.a(libc_a-closer.o)
[...]
Memory Configuration

Name             Origin             Length             Attributes
RAM              0x20000000         0x00018000         xrw
RAM2             0x10000000         0x00008000         xrw
FLASH            0x08000000         0x00100000         xr
*default*        0x00000000         0xffffffff

Linker script and memory map

LOAD C:/ST/STM32CubeIDE_1.18.0/STM32CubeIDE/plugins/com.st.stm32cube.ide.mcu.externaltools.gnu-tools-for-stm32.13.3.rel1.win32_1.0.0.202411081344/tools/bin/../lib/gcc/arm-none-eabi/13.3.1/thumb/v7e-m+fp/hard/crti.o
LOAD C:/ST/STM32CubeIDE_1.18.0/STM32CubeIDE/plugins/com.st.stm32cube.ide.mcu.externaltools.gnu-tools-for-stm32.13.3.rel1.win32_1.0.0.202411081344/tools/bin/../lib/gcc/arm-none-eabi/13.3.1/thumb/v7e-m+fp/hard/crtbegin.o
LOAD C:/ST/STM32CubeIDE_1.18.0/STM32CubeIDE/plugins/com.st.stm32cube.ide.mcu.externaltools.gnu-tools-for-stm32.13.3.rel1.win32_1.0.0.202411081344/tools/bin/../lib/gcc/arm-none-eabi/13.3.1/../../../../arm-none-eabi/lib/thumb/v7e-m+fp/hard/crt0.o
LOAD ./Core/Src/gpio.o
LOAD ./Core/Src/main.o
LOAD ./Core/Src/stm32l4xx_hal_msp.o
LOAD ./Core/Src/stm32l4xx_it.o
LOAD ./Core/Src/stm32l4xx_nucleo_bus.o
LOAD ./Core/Src/syscalls.o
LOAD ./Core/Src/sysmem.o
LOAD ./Core/Src/system_stm32l4xx.o
LOAD ./Core/Src/usart.o
LOAD ./Core/Startup/startup_stm32l476rgtx.o
LOAD ./Drivers/BSP/53L8A1/53l8a1_ranging_sensor.o
LOAD ./Drivers/BSP/Components/vl53l8cx/modules/vl53l8cx_api.o
LOAD ./Drivers/BSP/Components/vl53l8cx/modules/vl53l8cx_plugin_detection_thresholds.o
LOAD ./Drivers/BSP/Components/vl53l8cx/modules/vl53l8cx_plugin_motion_indicator.o
LOAD ./Drivers/BSP/Components/vl53l8cx/modules/vl53l8cx_plugin_xtalk.o
LOAD ./Drivers/BSP/Components/vl53l8cx/porting/platform.o
LOAD ./Drivers/BSP/Components/vl53l8cx/vl53l8cx.o
LOAD ./Drivers/STM32L4xx_HAL_Driver/Src/stm32l4xx_hal.o
LOAD ./Drivers/STM32L4xx_HAL_Driver/Src/stm32l4xx_hal_cortex.o
LOAD ./Drivers/STM32L4xx_HAL_Driver/Src/stm32l4xx_hal_dma.o
LOAD ./Drivers/STM32L4xx_HAL_Driver/Src/stm32l4xx_hal_dma_ex.o
LOAD ./Drivers/STM32L4xx_HAL_Driver/Src/stm32l4xx_hal_exti.o
LOAD ./Drivers/STM32L4xx_HAL_Driver/Src/stm32l4xx_hal_flash.o
LOAD ./Drivers/STM32L4xx_HAL_Driver/Src/stm32l4xx_hal_flash_ex.o
LOAD ./Drivers/STM32L4xx_HAL_Driver/Src/stm32l4xx_hal_flash_ramfunc.o
LOAD ./Drivers/STM32L4xx_HAL_Driver/Src/stm32l4xx_hal_gpio.o
LOAD ./Drivers/STM32L4xx_HAL_Driver/Src/stm32l4xx_hal_i2c.o
LOAD ./Drivers/STM32L4xx_HAL_Driver/Src/stm32l4xx_hal_i2c_ex.o
LOAD ./Drivers/STM32L4xx_HAL_Driver/Src/stm32l4xx_hal_pwr.o
LOAD ./Drivers/STM32L4xx_HAL_Driver/Src/stm32l4xx_hal_pwr_ex.o
LOAD ./Drivers/STM32L4xx_HAL_Driver/Src/stm32l4xx_hal_rcc.o
LOAD ./Drivers/STM32L4xx_HAL_Driver/Src/stm32l4xx_hal_rcc_ex.o
LOAD ./Drivers/STM32L4xx_HAL_Driver/Src/stm32l4xx_hal_tim.o
LOAD ./Drivers/STM32L4xx_HAL_Driver/Src/stm32l4xx_hal_tim_ex.o
LOAD ./Drivers/STM32L4xx_HAL_Driver/Src/stm32l4xx_hal_uart.o
LOAD ./Drivers/STM32L4xx_HAL_Driver/Src/stm32l4xx_hal_uart_ex.o
START GROUP
LOAD C:/ST/STM32CubeIDE_1.18.0/STM32CubeIDE/plugins/com.st.stm32cube.ide.mcu.externaltools.gnu-tools-for-stm32.13.3.rel1.win32_1.0.0.202411081344/tools/bin/../lib/gcc/arm-none-eabi/13.3.1/../../../../arm-none-eabi/lib/thumb/v7e-m+fp/hard\libc_nano.a
LOAD C:/ST/STM32CubeIDE_1.18.0/STM32CubeIDE/plugins/com.st.stm32cube.ide.mcu.externaltools.gnu-tools-for-stm32.13.3.rel1.win32_1.0.0.202411081344/tools/bin/../lib/gcc/arm-none-eabi/13.3.1/../../../../arm-none-eabi/lib/thumb/v7e-m+fp/hard\libm.a
END GROUP
START GROUP
LOAD C:/ST/STM32CubeIDE_1.18.0/STM32CubeIDE/plugins/com.st.stm32cube.ide.mcu.externaltools.gnu-tools-for-stm32.13.3.rel1.win32_1.0.0.202411081344/tools/bin/../lib/gcc/arm-none-eabi/13.3.1/thumb/v7e-m+fp/hard\libgcc.a
LOAD C:/ST/STM32CubeIDE_1.18.0/STM32CubeIDE/plugins/com.st.stm32cube.ide.mcu.externaltools.gnu-tools-for-stm32.13.3.rel1.win32_1.0.0.202411081344/tools/bin/../lib/gcc/arm-none-eabi/13.3.1/../../../../arm-none-eabi/lib/thumb/v7e-m+fp/hard\libc_nano.a
END GROUP
START GROUP
LOAD C:/ST/STM32CubeIDE_1.18.0/STM32CubeIDE/plugins/com.st.stm32cube.ide.mcu.externaltools.gnu-tools-for-stm32.13.3.rel1.win32_1.0.0.202411081344/tools/bin/../lib/gcc/arm-none-eabi/13.3.1/thumb/v7e-m+fp/hard\libgcc.a
LOAD C:/ST/STM32CubeIDE_1.18.0/STM32CubeIDE/plugins/com.st.stm32cube.ide.mcu.externaltools.gnu-tools-for-stm32.13.3.rel1.win32_1.0.0.202411081344/tools/bin/../lib/gcc/arm-none-eabi/13.3.1/../../../../arm-none-eabi/lib/thumb/v7e-m+fp/hard\libc_nano.a
LOAD C:/ST/STM32CubeIDE_1.18.0/STM32CubeIDE/plugins/com.st.stm32cube.ide.mcu.externaltools.gnu-tools-for-stm32.13.3.rel1.win32_1.0.0.202411081344/tools/bin/../lib/gcc/arm-none-eabi/13.3.1/../../../../arm-none-eabi/lib/thumb/v7e-m+fp/hard\libnosys.a
END GROUP
START GROUP
LOAD C:/ST/STM32CubeIDE_1.18.0/STM32CubeIDE/plugins/com.st.stm32cube.ide.mcu.externaltools.gnu-tools-for-stm32.13.3.rel1.win32_1.0.0.202411081344/tools/bin/../lib/gcc/arm-none-eabi/13.3.1/thumb/v7e-m+fp/hard\libgcc.a
LOAD C:/ST/STM32CubeIDE_1.18.0/STM32CubeIDE/plugins/com.st.stm32cube.ide.mcu.externaltools.gnu-tools-for-stm32.13.3.rel1.win32_1.0.0.202411081344/tools/bin/../lib/gcc/arm-none-eabi/13.3.1/../../../../arm-none-eabi/lib/thumb/v7e-m+fp/hard\libc_nano.a
LOAD C:/ST/STM32CubeIDE_1.18.0/STM32CubeIDE/plugins/com.st.stm32cube.ide.mcu.externaltools.gnu-tools-for-stm32.13.3.rel1.win32_1.0.0.202411081344/tools/bin/../lib/gcc/arm-none-eabi/13.3.1/../../../../arm-none-eabi/lib/thumb/v7e-m+fp/hard\libnosys.a
END GROUP
LOAD C:/ST/STM32CubeIDE_1.18.0/STM32CubeIDE/plugins/com.st.stm32cube.ide.mcu.externaltools.gnu-tools-for-stm32.13.3.rel1.win32_1.0.0.202411081344/tools/bin/../lib/gcc/arm-none-eabi/13.3.1/thumb/v7e-m+fp/hard/crtend.o
LOAD C:/ST/STM32CubeIDE_1.18.0/STM32CubeIDE/plugins/com.st.stm32cube.ide.mcu.externaltools.gnu-tools-for-stm32.13.3.rel1.win32_1.0.0.202411081344/tools/bin/../lib/gcc/arm-none-eabi/13.3.1/thumb/v7e-m+fp/hard/crtn.o
                0x20018000                        _estack = (ORIGIN (RAM) + LENGTH (RAM))
                0x00000200                        _Min_Heap_Size = 0x200
                0x00000400                        _Min_Stack_Size = 0x400

.isr_vector     0x08000000      0x188
                0x08000000                        . = ALIGN (0x4)
 *(.isr_vector)
 .isr_vector    0x08000000      0x188 ./Core/Startup/startup_stm32l476rgtx.o
                0x08000000                g_pfnVectors
                0x08000188                        . = ALIGN (0x4)

.text           0x08000190     0xa080
                0x08000190                        . = ALIGN (0x4)
 *(.text)
 .text          0x08000190       0x40 C:/ST/STM32CubeIDE_1.18.0/STM32CubeIDE/plugins/com.st.stm32cube.ide.mcu.externaltools.gnu-tools-for-stm32.13.3.rel1.win32_1.0.0.202411081344/tools/bin/../lib/gcc/arm-none-eabi/13.3.1/thumb/v7e-m+fp/hard/crtbegin.o
 .text          0x080001d0       0xa0 C:/ST/STM32CubeIDE_1.18.0/STM32CubeIDE/plugins/com.st.stm32cube.ide.mcu.externaltools.gnu-tools-for-stm32.13.3.rel1.win32_1.0.0.202411081344/tools/bin/../lib/gcc/arm-none-eabi/13.3.1/../../../../arm-none-eabi/lib/thumb/v7e-m+fp/hard\libc_nano.a(libc_a-memchr.o)
                0x080001d0                memchr
 .text          0x08000270       0x30 C:/ST/STM32CubeIDE_1.18.0/STM32CubeIDE/plugins/com.st.stm32cube.ide.mcu.externaltools.gnu-tools-for-stm32.13.3.rel1.win32_1.0.0.202411081344/tools/bin/../lib/gcc/arm-none-eabi/13.3.1/thumb/v7e-m+fp/hard\libgcc.a(_aeabi_uldivmod.o)
                0x08000270                __aeabi_uldivmod
 .text          0x080002a0      0x2f8 C:/ST/STM32CubeIDE_1.18.0/STM32CubeIDE/plugins/com.st.stm32cube.ide.mcu.externaltools.gnu-tools-for-stm32.13.3.rel1.win32_1.0.0.202411081344/tools/bin/../lib/gcc/arm-none-eabi/13.3.1/thumb/v7e-m+fp/hard\libgcc.a(_udivmoddi4.o)
                0x080002a0                __udivmoddi4
 .text          0x08000598        0x4 C:/ST/STM32CubeIDE_1.18.0/STM32CubeIDE/plugins/com.st.stm32cube.ide.mcu.externaltools.gnu-tools-for-stm32.13.3.rel1.win32_1.0.0.202411081344/tools/bin/../lib/gcc/arm-none-eabi/13.3.1/thumb/v7e-m+fp/hard\libgcc.a(_dvmd_tls.o)
                0x08000598                __aeabi_idiv0
                0x08000598                __aeabi_ldiv0
 *(.text*)
 .text.MX_GPIO_Init
                0x0800059c      0x124 ./Core/Src/gpio.o
                0x0800059c                MX_GPIO_Init
 .text._write   0x080006c0       0x28 ./Core/Src/main.o
                0x080006c0                _write
 .text.main     0x080006e8       0xb8 ./Core/Src/main.o
                0x080006e8                main
 .text.SystemClock_Config
                0x080007a0       0xa2 ./Core/Src/main.o
                0x080007a0                SystemClock_Config
 *fill*         0x08000842        0x2 
 .text.MX_TIM2_Init
                0x08000844      0x118 ./Core/Src/main.o
                0x08000844                MX_TIM2_Init
 .text.HAL_TIM_MspPostInit
                0x0800095c       0x68 ./Core/Src/main.o
                0x0800095c                HAL_TIM_MspPostInit
 .text.ToF_Init
                0x080009c4       0x8c ./Core/Src/main.o
                0x080009c4                ToF_Init
 .text.ToF_ProfileConfig
                0x08000a50       0x80 ./Core/Src/main.o
                0x08000a50                ToF_ProfileConfig
 .text.ToF_Start
                0x08000ad0       0x30 ./Core/Src/main.o
                0x08000ad0                ToF_Start
 .text.FillBuffer
                0x08000b00      0x134 ./Core/Src/main.o
                0x08000b00                FillBuffer
 .text.PrintBuffer
                0x08000c34       0x68 ./Core/Src/main.o
                0x08000c34                PrintBuffer
 .text.Log      0x08000c9c       0x90 ./Core/Src/main.o
                0x08000c9c                Log
 .text.HAL_GPIO_EXTI_Callback
                0x08000d2c       0x28 ./Core/Src/main.o
                0x08000d2c                HAL_GPIO_EXTI_Callback
 .text.HAL_IncTick
                0x08000d54       0x50 ./Core/Src/main.o
                0x08000d54                HAL_IncTick
 .text.Buzzer_Handler
                0x08000da4      0x112 ./Core/Src/main.o
                0x08000da4                Buzzer_Handler
 .text.Set_Buzzer
                0x08000eb6       0x72 ./Core/Src/main.o
                0x08000eb6                Set_Buzzer
 .text.Error_Handler
                0x08000f28        0xc ./Core/Src/main.o
                0x08000f28                Error_Handler
 .text.HAL_MspInit
                0x08000f34       0x48 ./Core/Src/stm32l4xx_hal_msp.o
                0x08000f34                HAL_MspInit
 .text.NMI_Handler
                0x08000f7c        0x8 ./Core/Src/stm32l4xx_it.o
                0x08000f7c                NMI_Handler
 .text.HardFault_Handler
                0x08000f84        0x8 ./Core/Src/stm32l4xx_it.o
                0x08000f84                HardFault_Handler
 .text.MemManage_Handler
                0x08000f8c        0x8 ./Core/Src/stm32l4xx_it.o
                0x08000f8c                MemManage_Handler
 .text.BusFault_Handler
                0x08000f94        0x8 ./Core/Src/stm32l4xx_it.o
                0x08000f94                BusFault_Handler
 .text.UsageFault_Handler
                0x08000f9c        0x8 ./Core/Src/stm32l4xx_it.o
                0x08000f9c                UsageFault_Handler
 .text.SVC_Handler
                0x08000fa4        0xe ./Core/Src/stm32l4xx_it.o
                0x08000fa4                SVC_Handler
 .text.DebugMon_Handler
                0x08000fb2        0xe ./Core/Src/stm32l4xx_it.o
                0x08000fb2                DebugMon_Handler
 .text.PendSV_Handler
                0x08000fc0        0xe ./Core/Src/stm32l4xx_it.o
                0x08000fc0                PendSV_Handler
 .text.SysTick_Handler
                0x08000fce        0xc ./Core/Src/stm32l4xx_it.o
                0x08000fce                SysTick_Handler
 .text.EXTI4_IRQHandler
                0x08000fda        0xe ./Core/Src/stm32l4xx_it.o
                0x08000fda                EXTI4_IRQHandler
 .text.BSP_I2C1_Init
                0x08000fe8       0x7c ./Core/Src/stm32l4xx_nucleo_bus.o
                0x08000fe8                BSP_I2C1_Init
 .text.BSP_I2C1_DeInit
                0x08001064       0x50 ./Core/Src/stm32l4xx_nucleo_bus.o
                0x08001064                BSP_I2C1_DeInit
 .text.BSP_I2C1_WriteReg16
                0x080010b4       0x64 ./Core/Src/stm32l4xx_nucleo_bus.o
                0x080010b4                BSP_I2C1_WriteReg16
 .text.BSP_I2C1_ReadReg16
                0x08001118       0x64 ./Core/Src/stm32l4xx_nucleo_bus.o
                0x08001118                BSP_I2C1_ReadReg16
 .text.BSP_GetTick
                0x0800117c        0xe ./Core/Src/stm32l4xx_nucleo_bus.o
                0x0800117c                BSP_GetTick
 *fill*         0x0800118a        0x2 
 .text.MX_I2C1_Init
                0x0800118c       0x88 ./Core/Src/stm32l4xx_nucleo_bus.o
                0x0800118c                MX_I2C1_Init
 .text.I2C1_MspInit
                0x08001214       0xc0 ./Core/Src/stm32l4xx_nucleo_bus.o
 .text.I2C1_MspDeInit
                0x080012d4       0x38 ./Core/Src/stm32l4xx_nucleo_bus.o
 .text._read    0x0800130c       0x3a ./Core/Src/syscalls.o
                0x0800130c                _read
 .text._close   0x08001346       0x18 ./Core/Src/syscalls.o
                0x08001346                _close
 .text._fstat   0x0800135e       0x20 ./Core/Src/syscalls.o
                0x0800135e                _fstat
 .text._isatty  0x0800137e       0x16 ./Core/Src/syscalls.o
                0x0800137e                _isatty
 .text._lseek   0x08001394       0x1a ./Core/Src/syscalls.o
                0x08001394                _lseek
 *fill*         0x080013ae        0x2 
 .text._sbrk    0x080013b0       0x6c ./Core/Src/sysmem.o
                0x080013b0                _sbrk
 .text.SystemInit
                0x0800141c       0x24 ./Core/Src/system_stm32l4xx.o
                0x0800141c                SystemInit
 .text.MX_USART2_UART_Init
                0x08001440       0x60 ./Core/Src/usart.o
                0x08001440                MX_USART2_UART_Init
 .text.HAL_UART_MspInit
                0x080014a0       0xb8 ./Core/Src/usart.o
                0x080014a0                HAL_UART_MspInit
 .text.Reset_Handler
                0x08001558       0x50 ./Core/Startup/startup_stm32l476rgtx.o
                0x08001558                Reset_Handler
 .text.Default_Handler
                0x080015a8        0x2 ./Core/Startup/startup_stm32l476rgtx.o
                0x080015a8                RTC_Alarm_IRQHandler
                0x080015a8                EXTI2_IRQHandler
                0x080015a8                TIM8_TRG_COM_IRQHandler
                0x080015a8                TIM8_CC_IRQHandler
                0x080015a8                TIM1_CC_IRQHandler
                0x080015a8                TSC_IRQHandler
                0x080015a8                TAMP_STAMP_IRQHandler
                0x080015a8                EXTI3_IRQHandler
                0x080015a8                LPTIM2_IRQHandler
                0x080015a8                DFSDM1_FLT1_IRQHandler
                0x080015a8                I2C3_ER_IRQHandler
                0x080015a8                DFSDM1_FLT2_IRQHandler
                0x080015a8                EXTI0_IRQHandler
                0x080015a8                I2C2_EV_IRQHandler
                0x080015a8                CAN1_RX0_IRQHandler
                0x080015a8                FPU_IRQHandler
                0x080015a8                TIM1_UP_TIM16_IRQHandler
                0x080015a8                ADC1_2_IRQHandler
                0x080015a8                SPI1_IRQHandler
                0x080015a8                TIM6_DAC_IRQHandler
                0x080015a8                TIM8_UP_IRQHandler
                0x080015a8                DMA2_Channel2_IRQHandler
                0x080015a8                DMA1_Channel4_IRQHandler
                0x080015a8                SAI2_IRQHandler
                0x080015a8                DFSDM1_FLT3_IRQHandler
                0x080015a8                USART3_IRQHandler
                0x080015a8                DMA1_Channel7_IRQHandler
                0x080015a8                CAN1_RX1_IRQHandler
                0x080015a8                LCD_IRQHandler
                0x080015a8                UART5_IRQHandler
                0x080015a8                ADC3_IRQHandler
                0x080015a8                TIM4_IRQHandler
                0x080015a8                DMA2_Channel1_IRQHandler
                0x080015a8                QUADSPI_IRQHandler
                0x080015a8                I2C1_EV_IRQHandler
                0x080015a8                DMA1_Channel6_IRQHandler
                0x080015a8                UART4_IRQHandler
                0x080015a8                DMA2_Channel4_IRQHandler
                0x080015a8                TIM3_IRQHandler
                0x080015a8                RCC_IRQHandler
                0x080015a8                DMA1_Channel1_IRQHandler
                0x080015a8                Default_Handler
                0x080015a8                DMA2_Channel7_IRQHandler
                0x080015a8                EXTI15_10_IRQHandler
                0x080015a8                TIM7_IRQHandler
                0x080015a8                SDMMC1_IRQHandler
                0x080015a8                TIM5_IRQHandler
                0x080015a8                I2C3_EV_IRQHandler
                0x080015a8                EXTI9_5_IRQHandler
                0x080015a8                RTC_WKUP_IRQHandler
                0x080015a8                PVD_PVM_IRQHandler
                0x080015a8                SPI2_IRQHandler
                0x080015a8                CAN1_TX_IRQHandler
                0x080015a8                DMA2_Channel5_IRQHandler
                0x080015a8                DMA1_Channel5_IRQHandler
                0x080015a8                RNG_IRQHandler
                0x080015a8                TIM1_TRG_COM_TIM17_IRQHandler
                0x080015a8                DMA1_Channel3_IRQHandler
                0x080015a8                COMP_IRQHandler
                0x080015a8                WWDG_IRQHandler
                0x080015a8                LPUART1_IRQHandler
                0x080015a8                DMA2_Channel6_IRQHandler
                0x080015a8                TIM2_IRQHandler
                0x080015a8                EXTI1_IRQHandler
                0x080015a8                USART2_IRQHandler
                0x080015a8                DFSDM1_FLT0_IRQHandler
                0x080015a8                I2C2_ER_IRQHandler
                0x080015a8                DMA1_Channel2_IRQHandler
                0x080015a8                TIM8_BRK_IRQHandler
                0x080015a8                CAN1_SCE_IRQHandler
                0x080015a8                FLASH_IRQHandler
                0x080015a8                USART1_IRQHandler
                0x080015a8                OTG_FS_IRQHandler
                0x080015a8                SPI3_IRQHandler
                0x080015a8                I2C1_ER_IRQHandler
                0x080015a8                FMC_IRQHandler
                0x080015a8                SWPMI1_IRQHandler
                0x080015a8                LPTIM1_IRQHandler
                0x080015a8                SAI1_IRQHandler
                0x080015a8                DMA2_Channel3_IRQHandler
                0x080015a8                TIM1_BRK_TIM15_IRQHandler
 .text.VL53L8A1_RANGING_SENSOR_Init
                0x080015aa       0x28 ./Drivers/BSP/53L8A1/53l8a1_ranging_sensor.o
                0x080015aa                VL53L8A1_RANGING_SENSOR_Init
 *fill*         0x080015d2        0x2 
 .text.VL53L8A1_RANGING_SENSOR_ReadID
                0x080015d4       0x50 ./Drivers/BSP/53L8A1/53l8a1_ranging_sensor.o
                0x080015d4                VL53L8A1_RANGING_SENSOR_ReadID
 .text.VL53L8A1_RANGING_SENSOR_GetCapabilities
                0x08001624       0x50 ./Drivers/BSP/53L8A1/53l8a1_ranging_sensor.o
                0x08001624                VL53L8A1_RANGING_SENSOR_GetCapabilities
 .text.VL53L8A1_RANGING_SENSOR_ConfigProfile
                0x08001674       0x50 ./Drivers/BSP/53L8A1/53l8a1_ranging_sensor.o
                0x08001674                VL53L8A1_RANGING_SENSOR_ConfigProfile
 .text.VL53L8A1_RANGING_SENSOR_GetDistance
                0x080016c4       0x50 ./Drivers/BSP/53L8A1/53l8a1_ranging_sensor.o
                0x080016c4                VL53L8A1_RANGING_SENSOR_GetDistance
 .text.VL53L8A1_RANGING_SENSOR_Start
                0x08001714       0x50 ./Drivers/BSP/53L8A1/53l8a1_ranging_sensor.o
                0x08001714                VL53L8A1_RANGING_SENSOR_Start
 .text.VL53L8CX_Probe
                0x08001764      0x118 ./Drivers/BSP/53L8A1/53l8a1_ranging_sensor.o
 .text._vl53l8cx_poll_for_answer
                0x0800187c       0xa0 ./Drivers/BSP/Components/vl53l8cx/modules/vl53l8cx_api.o
 .text._vl53l8cx_poll_for_mcu_boot
                0x0800191c       0x86 ./Drivers/BSP/Components/vl53l8cx/modules/vl53l8cx_api.o
 *fill*         0x080019a2        0x2 
 .text._vl53l8cx_send_offset_data
                0x080019a4      0x398 ./Drivers/BSP/Components/vl53l8cx/modules/vl53l8cx_api.o
 .text._vl53l8cx_send_xtalk_data
                0x08001d3c      0x298 ./Drivers/BSP/Components/vl53l8cx/modules/vl53l8cx_api.o
 .text.vl53l8cx_init
                0x08001fd4      0x858 ./Drivers/BSP/Components/vl53l8cx/modules/vl53l8cx_api.o
                0x08001fd4                vl53l8cx_init
 .text.vl53l8cx_set_i2c_address
                0x0800282c       0x6c ./Drivers/BSP/Components/vl53l8cx/modules/vl53l8cx_api.o
                0x0800282c                vl53l8cx_set_i2c_address
 .text.vl53l8cx_get_power_mode
                0x08002898       0xac ./Drivers/BSP/Components/vl53l8cx/modules/vl53l8cx_api.o
                0x08002898                vl53l8cx_get_power_mode
 .text.vl53l8cx_set_power_mode
                0x08002944      0x1ba ./Drivers/BSP/Components/vl53l8cx/modules/vl53l8cx_api.o
                0x08002944                vl53l8cx_set_power_mode
 *fill*         0x08002afe        0x2 
 .text.vl53l8cx_start_ranging
                0x08002b00      0x32c ./Drivers/BSP/Components/vl53l8cx/modules/vl53l8cx_api.o
                0x08002b00                vl53l8cx_start_ranging
 .text.vl53l8cx_stop_ranging
                0x08002e2c      0x1a0 ./Drivers/BSP/Components/vl53l8cx/modules/vl53l8cx_api.o
                0x08002e2c                vl53l8cx_stop_ranging
 .text.vl53l8cx_check_data_ready
                0x08002fcc       0xa0 ./Drivers/BSP/Components/vl53l8cx/modules/vl53l8cx_api.o
                0x08002fcc                vl53l8cx_check_data_ready
 .text.vl53l8cx_get_ranging_data
                0x0800306c      0x410 ./Drivers/BSP/Components/vl53l8cx/modules/vl53l8cx_api.o
                0x0800306c                vl53l8cx_get_ranging_data
 .text.vl53l8cx_get_resolution
                0x0800347c       0x4a ./Drivers/BSP/Components/vl53l8cx/modules/vl53l8cx_api.o
                0x0800347c                vl53l8cx_get_resolution
 .text.vl53l8cx_set_resolution
                0x080034c6      0x1a8 ./Drivers/BSP/Components/vl53l8cx/modules/vl53l8cx_api.o
                0x080034c6                vl53l8cx_set_resolution
 .text.vl53l8cx_set_ranging_frequency_hz
                0x0800366e       0x42 ./Drivers/BSP/Components/vl53l8cx/modules/vl53l8cx_api.o
                0x0800366e                vl53l8cx_set_ranging_frequency_hz
 .text.vl53l8cx_set_integration_time_ms
                0x080036b0       0x6a ./Drivers/BSP/Components/vl53l8cx/modules/vl53l8cx_api.o
                0x080036b0                vl53l8cx_set_integration_time_ms
 .text.vl53l8cx_set_ranging_mode
                0x0800371a       0xae ./Drivers/BSP/Components/vl53l8cx/modules/vl53l8cx_api.o
                0x0800371a                vl53l8cx_set_ranging_mode
 .text.vl53l8cx_dci_read_data
                0x080037c8      0x114 ./Drivers/BSP/Components/vl53l8cx/modules/vl53l8cx_api.o
                0x080037c8                vl53l8cx_dci_read_data
 .text.vl53l8cx_dci_write_data
                0x080038dc      0x13c ./Drivers/BSP/Components/vl53l8cx/modules/vl53l8cx_api.o
                0x080038dc                vl53l8cx_dci_write_data
 .text.vl53l8cx_dci_replace_data
                0x08003a18       0x58 ./Drivers/BSP/Components/vl53l8cx/modules/vl53l8cx_api.o
                0x08003a18                vl53l8cx_dci_replace_data
 .text.vl53l8cx_set_detection_thresholds_enable
                0x08003a70       0x8c ./Drivers/BSP/Components/vl53l8cx/modules/vl53l8cx_plugin_detection_thresholds.o
                0x08003a70                vl53l8cx_set_detection_thresholds_enable
 .text.vl53l8cx_set_detection_thresholds
                0x08003afc      0x2b0 ./Drivers/BSP/Components/vl53l8cx/modules/vl53l8cx_plugin_detection_thresholds.o
                0x08003afc                vl53l8cx_set_detection_thresholds
 .text.VL53L8CX_RdByte
                0x08003dac       0x2a ./Drivers/BSP/Components/vl53l8cx/porting/platform.o
                0x08003dac                VL53L8CX_RdByte
 .text.VL53L8CX_WrByte
                0x08003dd6       0x2c ./Drivers/BSP/Components/vl53l8cx/porting/platform.o
                0x08003dd6                VL53L8CX_WrByte
 .text.VL53L8CX_WrMulti
                0x08003e02       0x2e ./Drivers/BSP/Components/vl53l8cx/porting/platform.o
                0x08003e02                VL53L8CX_WrMulti
 .text.VL53L8CX_RdMulti
                0x08003e30       0x2e ./Drivers/BSP/Components/vl53l8cx/porting/platform.o
                0x08003e30                VL53L8CX_RdMulti
 .text.VL53L8CX_SwapBuffer
                0x08003e5e       0x6c ./Drivers/BSP/Components/vl53l8cx/porting/platform.o
                0x08003e5e                VL53L8CX_SwapBuffer
 .text.VL53L8CX_WaitMs
                0x08003eca       0x34 ./Drivers/BSP/Components/vl53l8cx/porting/platform.o
                0x08003eca                VL53L8CX_WaitMs
 .text.VL53L8CX_RegisterBusIO
                0x08003efe       0x90 ./Drivers/BSP/Components/vl53l8cx/vl53l8cx.o
                0x08003efe                VL53L8CX_RegisterBusIO
 .text.VL53L8CX_Init
                0x08003f8e       0x7e ./Drivers/BSP/Components/vl53l8cx/vl53l8cx.o
                0x08003f8e                VL53L8CX_Init
 .text.VL53L8CX_DeInit
                0x0800400c       0x52 ./Drivers/BSP/Components/vl53l8cx/vl53l8cx.o
                0x0800400c                VL53L8CX_DeInit
 .text.VL53L8CX_ReadID
                0x0800405e       0xc0 ./Drivers/BSP/Components/vl53l8cx/vl53l8cx.o
                0x0800405e                VL53L8CX_ReadID
 .text.VL53L8CX_GetCapabilities
                0x0800411e       0x48 ./Drivers/BSP/Components/vl53l8cx/vl53l8cx.o
                0x0800411e                VL53L8CX_GetCapabilities
 *fill*         0x08004166        0x2 
 .text.VL53L8CX_ConfigProfile
                0x08004168      0x13c ./Drivers/BSP/Components/vl53l8cx/vl53l8cx.o
                0x08004168                VL53L8CX_ConfigProfile
 .text.VL53L8CX_ConfigROI
                0x080042a4       0x1a ./Drivers/BSP/Components/vl53l8cx/vl53l8cx.o
                0x080042a4                VL53L8CX_ConfigROI
 *fill*         0x080042be        0x2 
 .text.VL53L8CX_ConfigIT
                0x080042c0      0x170 ./Drivers/BSP/Components/vl53l8cx/vl53l8cx.o
                0x080042c0                VL53L8CX_ConfigIT
 .text.VL53L8CX_GetDistance
                0x08004430       0x74 ./Drivers/BSP/Components/vl53l8cx/vl53l8cx.o
                0x08004430                VL53L8CX_GetDistance
 .text.VL53L8CX_Start
                0x080044a4       0xbc ./Drivers/BSP/Components/vl53l8cx/vl53l8cx.o
                0x080044a4                VL53L8CX_Start
 .text.VL53L8CX_Stop
                0x08004560       0x56 ./Drivers/BSP/Components/vl53l8cx/vl53l8cx.o
                0x08004560                VL53L8CX_Stop
 .text.VL53L8CX_SetAddress
                0x080045b6       0x4e ./Drivers/BSP/Components/vl53l8cx/vl53l8cx.o
                0x080045b6                VL53L8CX_SetAddress
 .text.VL53L8CX_GetAddress
                0x08004604       0x3a ./Drivers/BSP/Components/vl53l8cx/vl53l8cx.o
                0x08004604                VL53L8CX_GetAddress
 .text.VL53L8CX_SetPowerMode
                0x0800463e       0x58 ./Drivers/BSP/Components/vl53l8cx/vl53l8cx.o
                0x0800463e                VL53L8CX_SetPowerMode
 .text.VL53L8CX_GetPowerMode
                0x08004696       0x58 ./Drivers/BSP/Components/vl53l8cx/vl53l8cx.o
                0x08004696                VL53L8CX_GetPowerMode
 .text.vl53l8cx_poll_for_measurement
                0x080046ee       0x66 ./Drivers/BSP/Components/vl53l8cx/vl53l8cx.o
 .text.vl53l8cx_get_result
                0x08004754      0x1cc ./Drivers/BSP/Components/vl53l8cx/vl53l8cx.o
 .text.vl53l8cx_map_target_status
                0x08004920       0x3a ./Drivers/BSP/Components/vl53l8cx/vl53l8cx.o
 *fill*         0x0800495a        0x2 
 .text.HAL_Init
                0x0800495c       0x40 ./Drivers/STM32L4xx_HAL_Driver/Src/stm32l4xx_hal.o
                0x0800495c                HAL_Init
 .text.HAL_InitTick
                0x0800499c       0x78 ./Drivers/STM32L4xx_HAL_Driver/Src/stm32l4xx_hal.o
                0x0800499c                HAL_InitTick
 .text.HAL_GetTick
                0x08004a14       0x18 ./Drivers/STM32L4xx_HAL_Driver/Src/stm32l4xx_hal.o
                0x08004a14                HAL_GetTick
 .text.HAL_Delay
                0x08004a2c       0x48 ./Drivers/STM32L4xx_HAL_Driver/Src/stm32l4xx_hal.o
                0x08004a2c                HAL_Delay
 .text.__NVIC_SetPriorityGrouping
                0x08004a74       0x48 ./Drivers/STM32L4xx_HAL_Driver/Src/stm32l4xx_hal_cortex.o
 .text.__NVIC_GetPriorityGrouping
                0x08004abc       0x1c ./Drivers/STM32L4xx_HAL_Driver/Src/stm32l4xx_hal_cortex.o
 .text.__NVIC_EnableIRQ
                0x08004ad8       0x3c ./Drivers/STM32L4xx_HAL_Driver/Src/stm32l4xx_hal_cortex.o
 .text.__NVIC_SetPriority
                0x08004b14       0x54 ./Drivers/STM32L4xx_HAL_Driver/Src/stm32l4xx_hal_cortex.o
 .text.NVIC_EncodePriority
                0x08004b68       0x66 ./Drivers/STM32L4xx_HAL_Driver/Src/stm32l4xx_hal_cortex.o
 *fill*         0x08004bce        0x2 
 .text.SysTick_Config
                0x08004bd0       0x44 ./Drivers/STM32L4xx_HAL_Driver/Src/stm32l4xx_hal_cortex.o
 .text.HAL_NVIC_SetPriorityGrouping
                0x08004c14       0x16 ./Drivers/STM32L4xx_HAL_Driver/Src/stm32l4xx_hal_cortex.o
                0x08004c14                HAL_NVIC_SetPriorityGrouping
 .text.HAL_NVIC_SetPriority
                0x08004c2a       0x38 ./Drivers/STM32L4xx_HAL_Driver/Src/stm32l4xx_hal_cortex.o
                0x08004c2a                HAL_NVIC_SetPriority
 .text.HAL_NVIC_EnableIRQ
                0x08004c62       0x1c ./Drivers/STM32L4xx_HAL_Driver/Src/stm32l4xx_hal_cortex.o
                0x08004c62                HAL_NVIC_EnableIRQ
 .text.HAL_SYSTICK_Config
                0x08004c7e       0x18 ./Drivers/STM32L4xx_HAL_Driver/Src/stm32l4xx_hal_cortex.o
                0x08004c7e                HAL_SYSTICK_Config
 *fill*         0x08004c96        0x2 
 .text.HAL_GPIO_Init
                0x08004c98      0x354 ./Drivers/STM32L4xx_HAL_Driver/Src/stm32l4xx_hal_gpio.o
                0x08004c98                HAL_GPIO_Init
 .text.HAL_GPIO_DeInit
                0x08004fec      0x1e8 ./Drivers/STM32L4xx_HAL_Driver/Src/stm32l4xx_hal_gpio.o
                0x08004fec                HAL_GPIO_DeInit
 .text.HAL_GPIO_WritePin
                0x080051d4       0x30 ./Drivers/STM32L4xx_HAL_Driver/Src/stm32l4xx_hal_gpio.o
                0x080051d4                HAL_GPIO_WritePin
 .text.HAL_GPIO_TogglePin
                0x08005204       0x34 ./Drivers/STM32L4xx_HAL_Driver/Src/stm32l4xx_hal_gpio.o
                0x08005204                HAL_GPIO_TogglePin
 .text.HAL_GPIO_EXTI_IRQHandler
                0x08005238       0x30 ./Drivers/STM32L4xx_HAL_Driver/Src/stm32l4xx_hal_gpio.o
                0x08005238                HAL_GPIO_EXTI_IRQHandler
 .text.HAL_I2C_Init
                0x08005268      0x136 ./Drivers/STM32L4xx_HAL_Driver/Src/stm32l4xx_hal_i2c.o
                0x08005268                HAL_I2C_Init
 .text.HAL_I2C_DeInit
                0x0800539e       0x5e ./Drivers/STM32L4xx_HAL_Driver/Src/stm32l4xx_hal_i2c.o
                0x0800539e                HAL_I2C_DeInit
 .text.HAL_I2C_MspInit
                0x080053fc       0x14 ./Drivers/STM32L4xx_HAL_Driver/Src/stm32l4xx_hal_i2c.o
                0x080053fc                HAL_I2C_MspInit
 .text.HAL_I2C_MspDeInit
                0x08005410       0x14 ./Drivers/STM32L4xx_HAL_Driver/Src/stm32l4xx_hal_i2c.o
                0x08005410                HAL_I2C_MspDeInit
 .text.HAL_I2C_Mem_Write
                0x08005424      0x228 ./Drivers/STM32L4xx_HAL_Driver/Src/stm32l4xx_hal_i2c.o
                0x08005424                HAL_I2C_Mem_Write
 .text.HAL_I2C_Mem_Read
                0x0800564c      0x234 ./Drivers/STM32L4xx_HAL_Driver/Src/stm32l4xx_hal_i2c.o
                0x0800564c                HAL_I2C_Mem_Read
 .text.HAL_I2C_GetState
                0x08005880       0x1c ./Drivers/STM32L4xx_HAL_Driver/Src/stm32l4xx_hal_i2c.o
                0x08005880                HAL_I2C_GetState
 .text.HAL_I2C_GetError
                0x0800589c       0x18 ./Drivers/STM32L4xx_HAL_Driver/Src/stm32l4xx_hal_i2c.o
                0x0800589c                HAL_I2C_GetError
 .text.I2C_RequestMemoryWrite
                0x080058b4       0xa8 ./Drivers/STM32L4xx_HAL_Driver/Src/stm32l4xx_hal_i2c.o
 .text.I2C_RequestMemoryRead
                0x0800595c       0xa8 ./Drivers/STM32L4xx_HAL_Driver/Src/stm32l4xx_hal_i2c.o
 .text.I2C_Flush_TXDR
                0x08005a04       0x48 ./Drivers/STM32L4xx_HAL_Driver/Src/stm32l4xx_hal_i2c.o
 .text.I2C_WaitOnFlagUntilTimeout
                0x08005a4c       0xb2 ./Drivers/STM32L4xx_HAL_Driver/Src/stm32l4xx_hal_i2c.o
 .text.I2C_WaitOnTXISFlagUntilTimeout
                0x08005afe       0x8e ./Drivers/STM32L4xx_HAL_Driver/Src/stm32l4xx_hal_i2c.o
 .text.I2C_WaitOnSTOPFlagUntilTimeout
                0x08005b8c       0x86 ./Drivers/STM32L4xx_HAL_Driver/Src/stm32l4xx_hal_i2c.o
 *fill*         0x08005c12        0x2 
 .text.I2C_IsErrorOccurred
                0x08005c14      0x1c0 ./Drivers/STM32L4xx_HAL_Driver/Src/stm32l4xx_hal_i2c.o
 .text.I2C_TransferConfig
                0x08005dd4       0x64 ./Drivers/STM32L4xx_HAL_Driver/Src/stm32l4xx_hal_i2c.o
 .text.HAL_I2CEx_ConfigAnalogFilter
                0x08005e38       0x96 ./Drivers/STM32L4xx_HAL_Driver/Src/stm32l4xx_hal_i2c_ex.o
                0x08005e38                HAL_I2CEx_ConfigAnalogFilter
 .text.HAL_I2CEx_ConfigDigitalFilter
                0x08005ece       0x98 ./Drivers/STM32L4xx_HAL_Driver/Src/stm32l4xx_hal_i2c_ex.o
                0x08005ece                HAL_I2CEx_ConfigDigitalFilter
 *fill*         0x08005f66        0x2 
 .text.HAL_PWREx_GetVoltageRange
                0x08005f68       0x1c ./Drivers/STM32L4xx_HAL_Driver/Src/stm32l4xx_hal_pwr_ex.o
                0x08005f68                HAL_PWREx_GetVoltageRange
 .text.HAL_PWREx_ControlVoltageScaling
                0x08005f84       0xac ./Drivers/STM32L4xx_HAL_Driver/Src/stm32l4xx_hal_pwr_ex.o
                0x08005f84                HAL_PWREx_ControlVoltageScaling
 .text.HAL_RCC_OscConfig
                0x08006030      0x7b8 ./Drivers/STM32L4xx_HAL_Driver/Src/stm32l4xx_hal_rcc.o
                0x08006030                HAL_RCC_OscConfig
 .text.HAL_RCC_ClockConfig
                0x080067e8      0x200 ./Drivers/STM32L4xx_HAL_Driver/Src/stm32l4xx_hal_rcc.o
                0x080067e8                HAL_RCC_ClockConfig
 .text.HAL_RCC_GetSysClockFreq
                0x080069e8      0x118 ./Drivers/STM32L4xx_HAL_Driver/Src/stm32l4xx_hal_rcc.o
                0x080069e8                HAL_RCC_GetSysClockFreq
 .text.HAL_RCC_GetHCLKFreq
                0x08006b00       0x18 ./Drivers/STM32L4xx_HAL_Driver/Src/stm32l4xx_hal_rcc.o
                0x08006b00                HAL_RCC_GetHCLKFreq
 .text.HAL_RCC_GetPCLK1Freq
                0x08006b18       0x2c ./Drivers/STM32L4xx_HAL_Driver/Src/stm32l4xx_hal_rcc.o
                0x08006b18                HAL_RCC_GetPCLK1Freq
 .text.HAL_RCC_GetPCLK2Freq
                0x08006b44       0x2c ./Drivers/STM32L4xx_HAL_Driver/Src/stm32l4xx_hal_rcc.o
                0x08006b44                HAL_RCC_GetPCLK2Freq
 .text.RCC_SetFlashLatencyFromMSIRange
                0x08006b70       0xc0 ./Drivers/STM32L4xx_HAL_Driver/Src/stm32l4xx_hal_rcc.o
 .text.HAL_RCCEx_PeriphCLKConfig
                0x08006c30      0x5d4 ./Drivers/STM32L4xx_HAL_Driver/Src/stm32l4xx_hal_rcc_ex.o
                0x08006c30                HAL_RCCEx_PeriphCLKConfig
 .text.RCCEx_PLLSAI1_Config
                0x08007204      0x1e8 ./Drivers/STM32L4xx_HAL_Driver/Src/stm32l4xx_hal_rcc_ex.o
 .text.RCCEx_PLLSAI2_Config
                0x080073ec      0x1bc ./Drivers/STM32L4xx_HAL_Driver/Src/stm32l4xx_hal_rcc_ex.o
 .text.HAL_TIM_PWM_Init
                0x080075a8       0xae ./Drivers/STM32L4xx_HAL_Driver/Src/stm32l4xx_hal_tim.o
                0x080075a8                HAL_TIM_PWM_Init
 .text.HAL_TIM_PWM_MspInit
                0x08007656       0x14 ./Drivers/STM32L4xx_HAL_Driver/Src/stm32l4xx_hal_tim.o
                0x08007656                HAL_TIM_PWM_MspInit
 *fill*         0x0800766a        0x2 
 .text.HAL_TIM_PWM_Start
                0x0800766c      0x20c ./Drivers/STM32L4xx_HAL_Driver/Src/stm32l4xx_hal_tim.o
                0x0800766c                HAL_TIM_PWM_Start
 .text.HAL_TIM_PWM_Stop
                0x08007878      0x130 ./Drivers/STM32L4xx_HAL_Driver/Src/stm32l4xx_hal_tim.o
                0x08007878                HAL_TIM_PWM_Stop
 .text.HAL_TIM_PWM_ConfigChannel
                0x080079a8      0x228 ./Drivers/STM32L4xx_HAL_Driver/Src/stm32l4xx_hal_tim.o
                0x080079a8                HAL_TIM_PWM_ConfigChannel
 .text.HAL_TIM_ConfigClockSource
                0x08007bd0      0x192 ./Drivers/STM32L4xx_HAL_Driver/Src/stm32l4xx_hal_tim.o
                0x08007bd0                HAL_TIM_ConfigClockSource
 *fill*         0x08007d62        0x2 
 .text.TIM_Base_SetConfig
                0x08007d64      0x140 ./Drivers/STM32L4xx_HAL_Driver/Src/stm32l4xx_hal_tim.o
                0x08007d64                TIM_Base_SetConfig
 .text.TIM_OC1_SetConfig
                0x08007ea4      0x124 ./Drivers/STM32L4xx_HAL_Driver/Src/stm32l4xx_hal_tim.o
 .text.TIM_OC2_SetConfig
                0x08007fc8      0x118 ./Drivers/STM32L4xx_HAL_Driver/Src/stm32l4xx_hal_tim.o
                0x08007fc8                TIM_OC2_SetConfig
 .text.TIM_OC3_SetConfig
                0x080080e0      0x114 ./Drivers/STM32L4xx_HAL_Driver/Src/stm32l4xx_hal_tim.o
 .text.TIM_OC4_SetConfig
                0x080081f4       0xd4 ./Drivers/STM32L4xx_HAL_Driver/Src/stm32l4xx_hal_tim.o
 .text.TIM_OC5_SetConfig
                0x080082c8       0xc8 ./Drivers/STM32L4xx_HAL_Driver/Src/stm32l4xx_hal_tim.o
 .text.TIM_OC6_SetConfig
                0x08008390       0xcc ./Drivers/STM32L4xx_HAL_Driver/Src/stm32l4xx_hal_tim.o
 .text.TIM_TI1_ConfigInputStage
                0x0800845c       0xa8 ./Drivers/STM32L4xx_HAL_Driver/Src/stm32l4xx_hal_tim.o
 .text.TIM_TI2_ConfigInputStage
                0x08008504       0x84 ./Drivers/STM32L4xx_HAL_Driver/Src/stm32l4xx_hal_tim.o
 .text.TIM_ITRx_SetConfig
                0x08008588       0x36 ./Drivers/STM32L4xx_HAL_Driver/Src/stm32l4xx_hal_tim.o
 .text.TIM_ETR_SetConfig
                0x080085be       0x40 ./Drivers/STM32L4xx_HAL_Driver/Src/stm32l4xx_hal_tim.o
                0x080085be                TIM_ETR_SetConfig
 .text.TIM_CCxChannelCmd
                0x080085fe       0x4a ./Drivers/STM32L4xx_HAL_Driver/Src/stm32l4xx_hal_tim.o
                0x080085fe                TIM_CCxChannelCmd
 .text.HAL_TIMEx_MasterConfigSynchronization
                0x08008648      0x110 ./Drivers/STM32L4xx_HAL_Driver/Src/stm32l4xx_hal_tim_ex.o
                0x08008648                HAL_TIMEx_MasterConfigSynchronization
 .text.HAL_UART_Init
                0x08008758       0x9c ./Drivers/STM32L4xx_HAL_Driver/Src/stm32l4xx_hal_uart.o
                0x08008758                HAL_UART_Init
 .text.HAL_UART_Transmit
                0x080087f4      0x126 ./Drivers/STM32L4xx_HAL_Driver/Src/stm32l4xx_hal_uart.o
                0x080087f4                HAL_UART_Transmit
 *fill*         0x0800891a        0x2 
 .text.UART_SetConfig
                0x0800891c      0x570 ./Drivers/STM32L4xx_HAL_Driver/Src/stm32l4xx_hal_uart.o
                0x0800891c                UART_SetConfig
 .text.UART_AdvFeatureConfig
                0x08008e8c      0x144 ./Drivers/STM32L4xx_HAL_Driver/Src/stm32l4xx_hal_uart.o
                0x08008e8c                UART_AdvFeatureConfig
 .text.UART_CheckIdleState
                0x08008fd0      0x150 ./Drivers/STM32L4xx_HAL_Driver/Src/stm32l4xx_hal_uart.o
                0x08008fd0                UART_CheckIdleState
 .text.UART_WaitOnFlagUntilTimeout
                0x08009120       0xda ./Drivers/STM32L4xx_HAL_Driver/Src/stm32l4xx_hal_uart.o
                0x08009120                UART_WaitOnFlagUntilTimeout
 .text.UART_EndRxTransfer
                0x080091fa       0xc8 ./Drivers/STM32L4xx_HAL_Driver/Src/stm32l4xx_hal_uart.o
 *fill*         0x080092c2        0x2 
 .text.std      0x080092c4       0x6c C:/ST/STM32CubeIDE_1.18.0/STM32CubeIDE/plugins/com.st.stm32cube.ide.mcu.externaltools.gnu-tools-for-stm32.13.3.rel1.win32_1.0.0.202411081344/tools/bin/../lib/gcc/arm-none-eabi/13.3.1/../../../../arm-none-eabi/lib/thumb/v7e-m+fp/hard\libc_nano.a(libc_a-findfp.o)
 .text.stdio_exit_handler
                0x08009330       0x18 C:/ST/STM32CubeIDE_1.18.0/STM32CubeIDE/plugins/com.st.stm32cube.ide.mcu.externaltools.gnu-tools-for-stm32.13.3.rel1.win32_1.0.0.202411081344/tools/bin/../lib/gcc/arm-none-eabi/13.3.1/../../../../arm-none-eabi/lib/thumb/v7e-m+fp/hard\libc_nano.a(libc_a-findfp.o)
 .text.cleanup_stdio
                0x08009348       0x40 C:/ST/STM32CubeIDE_1.18.0/STM32CubeIDE/plugins/com.st.stm32cube.ide.mcu.externaltools.gnu-tools-for-stm32.13.3.rel1.win32_1.0.0.202411081344/tools/bin/../lib/gcc/arm-none-eabi/13.3.1/../../../../arm-none-eabi/lib/thumb/v7e-m+fp/hard\libc_nano.a(libc_a-findfp.o)
 .text.global_stdio_init.part.0
                0x08009388       0x3c C:/ST/STM32CubeIDE_1.18.0/STM32CubeIDE/plugins/com.st.stm32cube.ide.mcu.externaltools.gnu-tools-for-stm32.13.3.rel1.win32_1.0.0.202411081344/tools/bin/../lib/gcc/arm-none-eabi/13.3.1/../../../../arm-none-eabi/lib/thumb/v7e-m+fp/hard\libc_nano.a(libc_a-findfp.o)
 .text.__sfp_lock_acquire
                0x080093c4        0xc C:/ST/STM32CubeIDE_1.18.0/STM32CubeIDE/plugins/com.st.stm32cube.ide.mcu.externaltools.gnu-tools-for-stm32.13.3.rel1.win32_1.0.0.202411081344/tools/bin/../lib/gcc/arm-none-eabi/13.3.1/../../../../arm-none-eabi/lib/thumb/v7e-m+fp/hard\libc_nano.a(libc_a-findfp.o)
                0x080093c4                __sfp_lock_acquire
 .text.__sfp_lock_release
                0x080093d0        0xc C:/ST/STM32CubeIDE_1.18.0/STM32CubeIDE/plugins/com.st.stm32cube.ide.mcu.externaltools.gnu-tools-for-stm32.13.3.rel1.win32_1.0.0.202411081344/tools/bin/../lib/gcc/arm-none-eabi/13.3.1/../../../../arm-none-eabi/lib/thumb/v7e-m+fp/hard\libc_nano.a(libc_a-findfp.o)
                0x080093d0                __sfp_lock_release
 .text.__sinit  0x080093dc       0x30 C:/ST/STM32CubeIDE_1.18.0/STM32CubeIDE/plugins/com.st.stm32cube.ide.mcu.externaltools.gnu-tools-for-stm32.13.3.rel1.win32_1.0.0.202411081344/tools/bin/../lib/gcc/arm-none-eabi/13.3.1/../../../../arm-none-eabi/lib/thumb/v7e-m+fp/hard\libc_nano.a(libc_a-findfp.o)
                0x080093dc                __sinit
 .text._fwalk_sglue
                0x0800940c       0x3c C:/ST/STM32CubeIDE_1.18.0/STM32CubeIDE/plugins/com.st.stm32cube.ide.mcu.externaltools.gnu-tools-for-stm32.13.3.rel1.win32_1.0.0.202411081344/tools/bin/../lib/gcc/arm-none-eabi/13.3.1/../../../../arm-none-eabi/lib/thumb/v7e-m+fp/hard\libc_nano.a(libc_a-fwalk.o)
                0x0800940c                _fwalk_sglue
 .text.printf   0x08009448       0x24 C:/ST/STM32CubeIDE_1.18.0/STM32CubeIDE/plugins/com.st.stm32cube.ide.mcu.externaltools.gnu-tools-for-stm32.13.3.rel1.win32_1.0.0.202411081344/tools/bin/../lib/gcc/arm-none-eabi/13.3.1/../../../../arm-none-eabi/lib/thumb/v7e-m+fp/hard\libc_nano.a(libc_a-printf.o)
                0x08009448                iprintf
                0x08009448                printf
 .text._puts_r  0x0800946c       0xaa C:/ST/STM32CubeIDE_1.18.0/STM32CubeIDE/plugins/com.st.stm32cube.ide.mcu.externaltools.gnu-tools-for-stm32.13.3.rel1.win32_1.0.0.202411081344/tools/bin/../lib/gcc/arm-none-eabi/13.3.1/../../../../arm-none-eabi/lib/thumb/v7e-m+fp/hard\libc_nano.a(libc_a-puts.o)
                0x0800946c                _puts_r
 *fill*         0x08009516        0x2 
 .text.puts     0x08009518       0x10 C:/ST/STM32CubeIDE_1.18.0/STM32CubeIDE/plugins/com.st.stm32cube.ide.mcu.externaltools.gnu-tools-for-stm32.13.3.rel1.win32_1.0.0.202411081344/tools/bin/../lib/gcc/arm-none-eabi/13.3.1/../../../../arm-none-eabi/lib/thumb/v7e-m+fp/hard\libc_nano.a(libc_a-puts.o)
                0x08009518                puts
 .text.__sread  0x08009528       0x22 C:/ST/STM32CubeIDE_1.18.0/STM32CubeIDE/plugins/com.st.stm32cube.ide.mcu.externaltools.gnu-tools-for-stm32.13.3.rel1.win32_1.0.0.202411081344/tools/bin/../lib/gcc/arm-none-eabi/13.3.1/../../../../arm-none-eabi/lib/thumb/v7e-m+fp/hard\libc_nano.a(libc_a-stdio.o)
                0x08009528                __sread
 .text.__swrite
                0x0800954a       0x38 C:/ST/STM32CubeIDE_1.18.0/STM32CubeIDE/plugins/com.st.stm32cube.ide.mcu.externaltools.gnu-tools-for-stm32.13.3.rel1.win32_1.0.0.202411081344/tools/bin/../lib/gcc/arm-none-eabi/13.3.1/../../../../arm-none-eabi/lib/thumb/v7e-m+fp/hard\libc_nano.a(libc_a-stdio.o)
                0x0800954a                __swrite
 .text.__sseek  0x08009582       0x24 C:/ST/STM32CubeIDE_1.18.0/STM32CubeIDE/plugins/com.st.stm32cube.ide.mcu.externaltools.gnu-tools-for-stm32.13.3.rel1.win32_1.0.0.202411081344/tools/bin/../lib/gcc/arm-none-eabi/13.3.1/../../../../arm-none-eabi/lib/thumb/v7e-m+fp/hard\libc_nano.a(libc_a-stdio.o)
                0x08009582                __sseek
 .text.__sclose
                0x080095a6        0x8 C:/ST/STM32CubeIDE_1.18.0/STM32CubeIDE/plugins/com.st.stm32cube.ide.mcu.externaltools.gnu-tools-for-stm32.13.3.rel1.win32_1.0.0.202411081344/tools/bin/../lib/gcc/arm-none-eabi/13.3.1/../../../../arm-none-eabi/lib/thumb/v7e-m+fp/hard\libc_nano.a(libc_a-stdio.o)
                0x080095a6                __sclose
 .text.__swbuf_r
                0x080095ae       0x7c C:/ST/STM32CubeIDE_1.18.0/STM32CubeIDE/plugins/com.st.stm32cube.ide.mcu.externaltools.gnu-tools-for-stm32.13.3.rel1.win32_1.0.0.202411081344/tools/bin/../lib/gcc/arm-none-eabi/13.3.1/../../../../arm-none-eabi/lib/thumb/v7e-m+fp/hard\libc_nano.a(libc_a-wbuf.o)
                0x080095ae                __swbuf_r
 *fill*         0x0800962a        0x2 
 .text.__swsetup_r
                0x0800962c       0xac C:/ST/STM32CubeIDE_1.18.0/STM32CubeIDE/plugins/com.st.stm32cube.ide.mcu.externaltools.gnu-tools-for-stm32.13.3.rel1.win32_1.0.0.202411081344/tools/bin/../lib/gcc/arm-none-eabi/13.3.1/../../../../arm-none-eabi/lib/thumb/v7e-m+fp/hard\libc_nano.a(libc_a-wsetup.o)
                0x0800962c                __swsetup_r
 .text.memset   0x080096d8       0x10 C:/ST/STM32CubeIDE_1.18.0/STM32CubeIDE/plugins/com.st.stm32cube.ide.mcu.externaltools.gnu-tools-for-stm32.13.3.rel1.win32_1.0.0.202411081344/tools/bin/../lib/gcc/arm-none-eabi/13.3.1/../../../../arm-none-eabi/lib/thumb/v7e-m+fp/hard\libc_nano.a(libc_a-memset.o)
                0x080096d8                memset
 .text._close_r
                0x080096e8       0x20 C:/ST/STM32CubeIDE_1.18.0/STM32CubeIDE/plugins/com.st.stm32cube.ide.mcu.externaltools.gnu-tools-for-stm32.13.3.rel1.win32_1.0.0.202411081344/tools/bin/../lib/gcc/arm-none-eabi/13.3.1/../../../../arm-none-eabi/lib/thumb/v7e-m+fp/hard\libc_nano.a(libc_a-closer.o)
                0x080096e8                _close_r
 .text._lseek_r
                0x08009708       0x24 C:/ST/STM32CubeIDE_1.18.0/STM32CubeIDE/plugins/com.st.stm32cube.ide.mcu.externaltools.gnu-tools-for-stm32.13.3.rel1.win32_1.0.0.202411081344/tools/bin/../lib/gcc/arm-none-eabi/13.3.1/../../../../arm-none-eabi/lib/thumb/v7e-m+fp/hard\libc_nano.a(libc_a-lseekr.o)
                0x08009708                _lseek_r
 .text._read_r  0x0800972c       0x24 C:/ST/STM32CubeIDE_1.18.0/STM32CubeIDE/plugins/com.st.stm32cube.ide.mcu.externaltools.gnu-tools-for-stm32.13.3.rel1.win32_1.0.0.202411081344/tools/bin/../lib/gcc/arm-none-eabi/13.3.1/../../../../arm-none-eabi/lib/thumb/v7e-m+fp/hard\libc_nano.a(libc_a-readr.o)
                0x0800972c                _read_r
 .text._write_r
                0x08009750       0x24 C:/ST/STM32CubeIDE_1.18.0/STM32CubeIDE/plugins/com.st.stm32cube.ide.mcu.externaltools.gnu-tools-for-stm32.13.3.rel1.win32_1.0.0.202411081344/tools/bin/../lib/gcc/arm-none-eabi/13.3.1/../../../../arm-none-eabi/lib/thumb/v7e-m+fp/hard\libc_nano.a(libc_a-writer.o)
                0x08009750                _write_r
 .text.__errno  0x08009774        0xc C:/ST/STM32CubeIDE_1.18.0/STM32CubeIDE/plugins/com.st.stm32cube.ide.mcu.externaltools.gnu-tools-for-stm32.13.3.rel1.win32_1.0.0.202411081344/tools/bin/../lib/gcc/arm-none-eabi/13.3.1/../../../../arm-none-eabi/lib/thumb/v7e-m+fp/hard\libc_nano.a(libc_a-errno.o)
                0x08009774                __errno
 .text.__libc_init_array
                0x08009780       0x48 C:/ST/STM32CubeIDE_1.18.0/STM32CubeIDE/plugins/com.st.stm32cube.ide.mcu.externaltools.gnu-tools-for-stm32.13.3.rel1.win32_1.0.0.202411081344/tools/bin/../lib/gcc/arm-none-eabi/13.3.1/../../../../arm-none-eabi/lib/thumb/v7e-m+fp/hard\libc_nano.a(libc_a-init.o)
                0x08009780                __libc_init_array
 .text.__retarget_lock_init_recursive
                0x080097c8        0x2 C:/ST/STM32CubeIDE_1.18.0/STM32CubeIDE/plugins/com.st.stm32cube.ide.mcu.externaltools.gnu-tools-for-stm32.13.3.rel1.win32_1.0.0.202411081344/tools/bin/../lib/gcc/arm-none-eabi/13.3.1/../../../../arm-none-eabi/lib/thumb/v7e-m+fp/hard\libc_nano.a(libc_a-lock.o)
                0x080097c8                __retarget_lock_init_recursive
 .text.__retarget_lock_acquire_recursive
                0x080097ca        0x2 C:/ST/STM32CubeIDE_1.18.0/STM32CubeIDE/plugins/com.st.stm32cube.ide.mcu.externaltools.gnu-tools-for-stm32.13.3.rel1.win32_1.0.0.202411081344/tools/bin/../lib/gcc/arm-none-eabi/13.3.1/../../../../arm-none-eabi/lib/thumb/v7e-m+fp/hard\libc_nano.a(libc_a-lock.o)
                0x080097ca                __retarget_lock_acquire_recursive
 .text.__retarget_lock_release_recursive
                0x080097cc        0x2 C:/ST/STM32CubeIDE_1.18.0/STM32CubeIDE/plugins/com.st.stm32cube.ide.mcu.externaltools.gnu-tools-for-stm32.13.3.rel1.win32_1.0.0.202411081344/tools/bin/../lib/gcc/arm-none-eabi/13.3.1/../../../../arm-none-eabi/lib/thumb/v7e-m+fp/hard\libc_nano.a(libc_a-lock.o)
                0x080097cc                __retarget_lock_release_recursive
 .text.memcpy   0x080097ce       0x1c C:/ST/STM32CubeIDE_1.18.0/STM32CubeIDE/plugins/com.st.stm32cube.ide.mcu.externaltools.gnu-tools-for-stm32.13.3.rel1.win32_1.0.0.202411081344/tools/bin/../lib/gcc/arm-none-eabi/13.3.1/../../../../arm-none-eabi/lib/thumb/v7e-m+fp/hard\libc_nano.a(libc_a-memcpy-stub.o)
                0x080097ce                memcpy
 *fill*         0x080097ea        0x2 
 .text._free_r  0x080097ec       0x94 C:/ST/STM32CubeIDE_1.18.0/STM32CubeIDE/plugins/com.st.stm32cube.ide.mcu.externaltools.gnu-tools-for-stm32.13.3.rel1.win32_1.0.0.202411081344/tools/bin/../lib/gcc/arm-none-eabi/13.3.1/../../../../arm-none-eabi/lib/thumb/v7e-m+fp/hard\libc_nano.a(libc_a-freer.o)
                0x080097ec                _free_r
 .text.sbrk_aligned
                0x08009880       0x44 C:/ST/STM32CubeIDE_1.18.0/STM32CubeIDE/plugins/com.st.stm32cube.ide.mcu.externaltools.gnu-tools-for-stm32.13.3.rel1.win32_1.0.0.202411081344/tools/bin/../lib/gcc/arm-none-eabi/13.3.1/../../../../arm-none-eabi/lib/thumb/v7e-m+fp/hard\libc_nano.a(libc_a-mallocr.o)
 .text._malloc_r
                0x080098c4      0x100 C:/ST/STM32CubeIDE_1.18.0/STM32CubeIDE/plugins/com.st.stm32cube.ide.mcu.externaltools.gnu-tools-for-stm32.13.3.rel1.win32_1.0.0.202411081344/tools/bin/../lib/gcc/arm-none-eabi/13.3.1/../../../../arm-none-eabi/lib/thumb/v7e-m+fp/hard\libc_nano.a(libc_a-mallocr.o)
                0x080098c4                _malloc_r
 .text.__malloc_lock
                0x080099c4        0xc C:/ST/STM32CubeIDE_1.18.0/STM32CubeIDE/plugins/com.st.stm32cube.ide.mcu.externaltools.gnu-tools-for-stm32.13.3.rel1.win32_1.0.0.202411081344/tools/bin/../lib/gcc/arm-none-eabi/13.3.1/../../../../arm-none-eabi/lib/thumb/v7e-m+fp/hard\libc_nano.a(libc_a-mlock.o)
                0x080099c4                __malloc_lock
 .text.__malloc_unlock
                0x080099d0        0xc C:/ST/STM32CubeIDE_1.18.0/STM32CubeIDE/plugins/com.st.stm32cube.ide.mcu.externaltools.gnu-tools-for-stm32.13.3.rel1.win32_1.0.0.202411081344/tools/bin/../lib/gcc/arm-none-eabi/13.3.1/../../../../arm-none-eabi/lib/thumb/v7e-m+fp/hard\libc_nano.a(libc_a-mlock.o)
                0x080099d0                __malloc_unlock
 .text.__sfputc_r
                0x080099dc       0x2e C:/ST/STM32CubeIDE_1.18.0/STM32CubeIDE/plugins/com.st.stm32cube.ide.mcu.externaltools.gnu-tools-for-stm32.13.3.rel1.win32_1.0.0.202411081344/tools/bin/../lib/gcc/arm-none-eabi/13.3.1/../../../../arm-none-eabi/lib/thumb/v7e-m+fp/hard\libc_nano.a(libc_a-nano-vfprintf.o)
 .text.__sfputs_r
                0x08009a0a       0x24 C:/ST/STM32CubeIDE_1.18.0/STM32CubeIDE/plugins/com.st.stm32cube.ide.mcu.externaltools.gnu-tools-for-stm32.13.3.rel1.win32_1.0.0.202411081344/tools/bin/../lib/gcc/arm-none-eabi/13.3.1/../../../../arm-none-eabi/lib/thumb/v7e-m+fp/hard\libc_nano.a(libc_a-nano-vfprintf.o)
                0x08009a0a                __sfputs_r
 *fill*         0x08009a2e        0x2 
 .text._vfprintf_r
                0x08009a30      0x230 C:/ST/STM32CubeIDE_1.18.0/STM32CubeIDE/plugins/com.st.stm32cube.ide.mcu.externaltools.gnu-tools-for-stm32.13.3.rel1.win32_1.0.0.202411081344/tools/bin/../lib/gcc/arm-none-eabi/13.3.1/../../../../arm-none-eabi/lib/thumb/v7e-m+fp/hard\libc_nano.a(libc_a-nano-vfprintf.o)
                0x08009a30                _vfprintf_r
                0x08009a30                _vfiprintf_r
 .text._printf_common
                0x08009c60       0xda C:/ST/STM32CubeIDE_1.18.0/STM32CubeIDE/plugins/com.st.stm32cube.ide.mcu.externaltools.gnu-tools-for-stm32.13.3.rel1.win32_1.0.0.202411081344/tools/bin/../lib/gcc/arm-none-eabi/13.3.1/../../../../arm-none-eabi/lib/thumb/v7e-m+fp/hard\libc_nano.a(libc_a-nano-vfprintf_i.o)
                0x08009c60                _printf_common
 *fill*         0x08009d3a        0x2 
 .text._printf_i
                0x08009d3c      0x23c C:/ST/STM32CubeIDE_1.18.0/STM32CubeIDE/plugins/com.st.stm32cube.ide.mcu.externaltools.gnu-tools-for-stm32.13.3.rel1.win32_1.0.0.202411081344/tools/bin/../lib/gcc/arm-none-eabi/13.3.1/../../../../arm-none-eabi/lib/thumb/v7e-m+fp/hard\libc_nano.a(libc_a-nano-vfprintf_i.o)
                0x08009d3c                _printf_i
 .text.__sflush_r
                0x08009f78      0x108 C:/ST/STM32CubeIDE_1.18.0/STM32CubeIDE/plugins/com.st.stm32cube.ide.mcu.externaltools.gnu-tools-for-stm32.13.3.rel1.win32_1.0.0.202411081344/tools/bin/../lib/gcc/arm-none-eabi/13.3.1/../../../../arm-none-eabi/lib/thumb/v7e-m+fp/hard\libc_nano.a(libc_a-fflush.o)
                0x08009f78                __sflush_r
 .text._fflush_r
                0x0800a080       0x50 C:/ST/STM32CubeIDE_1.18.0/STM32CubeIDE/plugins/com.st.stm32cube.ide.mcu.externaltools.gnu-tools-for-stm32.13.3.rel1.win32_1.0.0.202411081344/tools/bin/../lib/gcc/arm-none-eabi/13.3.1/../../../../arm-none-eabi/lib/thumb/v7e-m+fp/hard\libc_nano.a(libc_a-fflush.o)
                0x0800a080                _fflush_r
 .text.__swhatbuf_r
                0x0800a0d0       0x4c C:/ST/STM32CubeIDE_1.18.0/STM32CubeIDE/plugins/com.st.stm32cube.ide.mcu.externaltools.gnu-tools-for-stm32.13.3.rel1.win32_1.0.0.202411081344/tools/bin/../lib/gcc/arm-none-eabi/13.3.1/../../../../arm-none-eabi/lib/thumb/v7e-m+fp/hard\libc_nano.a(libc_a-makebuf.o)
                0x0800a0d0                __swhatbuf_r
 .text.__smakebuf_r
                0x0800a11c       0x78 C:/ST/STM32CubeIDE_1.18.0/STM32CubeIDE/plugins/com.st.stm32cube.ide.mcu.externaltools.gnu-tools-for-stm32.13.3.rel1.win32_1.0.0.202411081344/tools/bin/../lib/gcc/arm-none-eabi/13.3.1/../../../../arm-none-eabi/lib/thumb/v7e-m+fp/hard\libc_nano.a(libc_a-makebuf.o)
                0x0800a11c                __smakebuf_r
 .text._fstat_r
                0x0800a194       0x24 C:/ST/STM32CubeIDE_1.18.0/STM32CubeIDE/plugins/com.st.stm32cube.ide.mcu.externaltools.gnu-tools-for-stm32.13.3.rel1.win32_1.0.0.202411081344/tools/bin/../lib/gcc/arm-none-eabi/13.3.1/../../../../arm-none-eabi/lib/thumb/v7e-m+fp/hard\libc_nano.a(libc_a-fstatr.o)
                0x0800a194                _fstat_r
 .text._isatty_r
                0x0800a1b8       0x20 C:/ST/STM32CubeIDE_1.18.0/STM32CubeIDE/plugins/com.st.stm32cube.ide.mcu.externaltools.gnu-tools-for-stm32.13.3.rel1.win32_1.0.0.202411081344/tools/bin/../lib/gcc/arm-none-eabi/13.3.1/../../../../arm-none-eabi/lib/thumb/v7e-m+fp/hard\libc_nano.a(libc_a-isattyr.o)
                0x0800a1b8                _isatty_r
 .text._sbrk_r  0x0800a1d8       0x20 C:/ST/STM32CubeIDE_1.18.0/STM32CubeIDE/plugins/com.st.stm32cube.ide.mcu.externaltools.gnu-tools-for-stm32.13.3.rel1.win32_1.0.0.202411081344/tools/bin/../lib/gcc/arm-none-eabi/13.3.1/../../../../arm-none-eabi/lib/thumb/v7e-m+fp/hard\libc_nano.a(libc_a-sbrkr.o)
                0x0800a1d8                _sbrk_r
 *(.glue_7)
 .glue_7        0x0800a1f8        0x0 linker stubs
 *(.glue_7t)
 .glue_7t       0x0800a1f8        0x0 linker stubs
 *(.eh_frame)
 .eh_frame      0x0800a1f8        0x0 C:/ST/STM32CubeIDE_1.18.0/STM32CubeIDE/plugins/com.st.stm32cube.ide.mcu.externaltools.gnu-tools-for-stm32.13.3.rel1.win32_1.0.0.202411081344/tools/bin/../lib/gcc/arm-none-eabi/13.3.1/thumb/v7e-m+fp/hard/crtbegin.o
 *(.init)
 .init          0x0800a1f8        0x4 C:/ST/STM32CubeIDE_1.18.0/STM32CubeIDE/plugins/com.st.stm32cube.ide.mcu.externaltools.gnu-tools-for-stm32.13.3.rel1.win32_1.0.0.202411081344/tools/bin/../lib/gcc/arm-none-eabi/13.3.1/thumb/v7e-m+fp/hard/crti.o
                0x0800a1f8                _init
 .init          0x0800a1fc        0x8 C:/ST/STM32CubeIDE_1.18.0/STM32CubeIDE/plugins/com.st.stm32cube.ide.mcu.externaltools.gnu-tools-for-stm32.13.3.rel1.win32_1.0.0.202411081344/tools/bin/../lib/gcc/arm-none-eabi/13.3.1/thumb/v7e-m+fp/hard/crtn.o
 *(.fini)
 .fini          0x0800a204        0x4 C:/ST/STM32CubeIDE_1.18.0/STM32CubeIDE/plugins/com.st.stm32cube.ide.mcu.externaltools.gnu-tools-for-stm32.13.3.rel1.win32_1.0.0.202411081344/tools/bin/../lib/gcc/arm-none-eabi/13.3.1/thumb/v7e-m+fp/hard/crti.o
                0x0800a204                _fini
 .fini          0x0800a208        0x8 C:/ST/STM32CubeIDE_1.18.0/STM32CubeIDE/plugins/com.st.stm32cube.ide.mcu.externaltools.gnu-tools-for-stm32.13.3.rel1.win32_1.0.0.202411081344/tools/bin/../lib/gcc/arm-none-eabi/13.3.1/thumb/v7e-m+fp/hard/crtn.o
                0x0800a210                        . = ALIGN (0x4)
                0x0800a210                        _etext = .

.vfp11_veneer   0x0800a210        0x0
 .vfp11_veneer  0x0800a210        0x0 linker stubs

.v4_bx          0x0800a210        0x0
 .v4_bx         0x0800a210        0x0 linker stubs

.iplt           0x0800a210        0x0
 .iplt          0x0800a210        0x0 C:/ST/STM32CubeIDE_1.18.0/STM32CubeIDE/plugins/com.st.stm32cube.ide.mcu.externaltools.gnu-tools-for-stm32.13.3.rel1.win32_1.0.0.202411081344/tools/bin/../lib/gcc/arm-none-eabi/13.3.1/thumb/v7e-m+fp/hard/crtbegin.o

.rodata         0x0800a210    0x15894
                0x0800a210                        . = ALIGN (0x4)
 *(.rodata)
 .rodata        0x0800a210       0xa8 ./Core/Src/main.o
 .rodata        0x0800a2b8       0x6c ./Drivers/BSP/Components/vl53l8cx/modules/vl53l8cx_api.o
 .rodata        0x0800a324        0x8 ./Drivers/BSP/Components/vl53l8cx/modules/vl53l8cx_plugin_detection_thresholds.o
 *(.rodata*)
 .rodata.AHBPrescTable
                0x0800a32c       0x10 ./Core/Src/system_stm32l4xx.o
                0x0800a32c                AHBPrescTable
 .rodata.APBPrescTable
                0x0800a33c        0x8 ./Core/Src/system_stm32l4xx.o
                0x0800a33c                APBPrescTable
 .rodata.MSIRangeTable
                0x0800a344       0x30 ./Core/Src/system_stm32l4xx.o
                0x0800a344                MSIRangeTable
 .rodata.VL53L8CX_FIRMWARE
                0x0800a374    0x15000 ./Drivers/BSP/Components/vl53l8cx/modules/vl53l8cx_api.o
                0x0800a374                VL53L8CX_FIRMWARE
 .rodata.VL53L8CX_DEFAULT_CONFIGURATION
                0x0801f374      0x3cc ./Drivers/BSP/Components/vl53l8cx/modules/vl53l8cx_api.o
                0x0801f374                VL53L8CX_DEFAULT_CONFIGURATION
 .rodata.VL53L8CX_DEFAULT_XTALK
                0x0801f740      0x308 ./Drivers/BSP/Components/vl53l8cx/modules/vl53l8cx_api.o
                0x0801f740                VL53L8CX_DEFAULT_XTALK
 .rodata.VL53L8CX_GET_NVM_CMD
                0x0801fa48       0x28 ./Drivers/BSP/Components/vl53l8cx/modules/vl53l8cx_api.o
                0x0801fa48                VL53L8CX_GET_NVM_CMD
 .rodata._vfprintf_r.str1.1
                0x0801fa70       0x33 C:/ST/STM32CubeIDE_1.18.0/STM32CubeIDE/plugins/com.st.stm32cube.ide.mcu.externaltools.gnu-tools-for-stm32.13.3.rel1.win32_1.0.0.202411081344/tools/bin/../lib/gcc/arm-none-eabi/13.3.1/../../../../arm-none-eabi/lib/thumb/v7e-m+fp/hard\libc_nano.a(libc_a-nano-vfprintf.o)
                                 0x11 (size before relaxing)
 .rodata._printf_i.str1.1
                0x0801faa3       0x22 C:/ST/STM32CubeIDE_1.18.0/STM32CubeIDE/plugins/com.st.stm32cube.ide.mcu.externaltools.gnu-tools-for-stm32.13.3.rel1.win32_1.0.0.202411081344/tools/bin/../lib/gcc/arm-none-eabi/13.3.1/../../../../arm-none-eabi/lib/thumb/v7e-m+fp/hard\libc_nano.a(libc_a-nano-vfprintf_i.o)
                0x0801fac8                        . = ALIGN (0x4)
 *fill*         0x0801faa3        0x1 

.ARM.extab      0x0801faa4        0x0
                0x0801faa4                        . = ALIGN (0x4)
 *(.ARM.extab* .gnu.linkonce.armextab.*)
                0x0801faa4                        . = ALIGN (0x4)

.ARM            0x0801faa4        0x8
                0x0801faa4                        . = ALIGN (0x4)
                0x0801faa4                        __exidx_start = .
 *(.ARM.exidx*)
 .ARM.exidx     0x0801faa4        0x8 C:/ST/STM32CubeIDE_1.18.0/STM32CubeIDE/plugins/com.st.stm32cube.ide.mcu.externaltools.gnu-tools-for-stm32.13.3.rel1.win32_1.0.0.202411081344/tools/bin/../lib/gcc/arm-none-eabi/13.3.1/../../../../arm-none-eabi/lib/thumb/v7e-m+fp/hard\libc_nano.a(libc_a-memchr.o)
 .ARM.exidx     0x0801faac        0x0 C:/ST/STM32CubeIDE_1.18.0/STM32CubeIDE/plugins/com.st.stm32cube.ide.mcu.externaltools.gnu-tools-for-stm32.13.3.rel1.win32_1.0.0.202411081344/tools/bin/../lib/gcc/arm-none-eabi/13.3.1/thumb/v7e-m+fp/hard\libgcc.a(_udivmoddi4.o)
                                  0x8 (size before relaxing)
                0x0801faac                        __exidx_end = .
                0x0801faac                        . = ALIGN (0x4)

.rel.dyn        0x0801faac        0x0
 .rel.iplt      0x0801faac        0x0 C:/ST/STM32CubeIDE_1.18.0/STM32CubeIDE/plugins/com.st.stm32cube.ide.mcu.externaltools.gnu-tools-for-stm32.13.3.rel1.win32_1.0.0.202411081344/tools/bin/../lib/gcc/arm-none-eabi/13.3.1/thumb/v7e-m+fp/hard/crtbegin.o

.preinit_array  0x0801faac        0x0
                0x0801faac                        . = ALIGN (0x4)
                0x0801faac                        PROVIDE (__preinit_array_start = .)
 *(.preinit_array*)
                0x0801faac                        PROVIDE (__preinit_array_end = .)
                0x0801faac                        . = ALIGN (0x4)

.init_array     0x0801faac        0x4
                0x0801faac                        . = ALIGN (0x4)
                0x0801faac                        PROVIDE (__init_array_start = .)
 *(SORT_BY_NAME(.init_array.*))
 *(.init_array*)
 .init_array    0x0801faac        0x4 C:/ST/STM32CubeIDE_1.18.0/STM32CubeIDE/plugins/com.st.stm32cube.ide.mcu.externaltools.gnu-tools-for-stm32.13.3.rel1.win32_1.0.0.202411081344/tools/bin/../lib/gcc/arm-none-eabi/13.3.1/thumb/v7e-m+fp/hard/crtbegin.o
                0x0801fab0                        PROVIDE (__init_array_end = .)
                0x0801fab0                        . = ALIGN (0x4)

.fini_array     0x0801fab0        0x4
                0x0801fab0                        . = ALIGN (0x4)
                [!provide]                        PROVIDE (__fini_array_start = .)
 *(SORT_BY_NAME(.fini_array.*))
 *(.fini_array*)
 .fini_array    0x0801fab0        0x4 C:/ST/STM32CubeIDE_1.18.0/STM32CubeIDE/plugins/com.st.stm32cube.ide.mcu.externaltools.gnu-tools-for-stm32.13.3.rel1.win32_1.0.0.202411081344/tools/bin/../lib/gcc/arm-none-eabi/13.3.1/thumb/v7e-m+fp/hard/crtbegin.o
                [!provide]                        PROVIDE (__fini_array_end = .)
                0x0801fab4                        . = ALIGN (0x4)
                0x0801fab4                        _sidata = LOADADDR (.data)

.data           0x20000000       0xbc load address 0x0801fab4
                0x20000000                        . = ALIGN (0x4)
                0x20000000                        _sdata = .
 *(.data)
 *(.data*)
 .data.bz_L     0x20000000        0xc ./Core/Src/main.o
                0x20000000                bz_L
 .data.bz_R     0x2000000c        0xc ./Core/Src/main.o
                0x2000000c                bz_R
 .data.ToF_EventFlag
                0x20000018        0x4 ./Core/Src/main.o
                0x20000018                ToF_EventFlag
 .data.SystemCoreClock
                0x2000001c        0x4 ./Core/Src/system_stm32l4xx.o
                0x2000001c                SystemCoreClock
 .data.VL53L8CX_RANGING_SENSOR_Driver
                0x20000020       0x38 ./Drivers/BSP/Components/vl53l8cx/vl53l8cx.o
                0x20000020                VL53L8CX_RANGING_SENSOR_Driver
 .data.uwTickPrio
                0x20000058        0x4 ./Drivers/STM32L4xx_HAL_Driver/Src/stm32l4xx_hal.o
                0x20000058                uwTickPrio
 .data.uwTickFreq
                0x2000005c        0x1 ./Drivers/STM32L4xx_HAL_Driver/Src/stm32l4xx_hal.o
                0x2000005c                uwTickFreq
 *fill*         0x2000005d        0x3 
 .data.__sglue  0x20000060        0xc C:/ST/STM32CubeIDE_1.18.0/STM32CubeIDE/plugins/com.st.stm32cube.ide.mcu.externaltools.gnu-tools-for-stm32.13.3.rel1.win32_1.0.0.202411081344/tools/bin/../lib/gcc/arm-none-eabi/13.3.1/../../../../arm-none-eabi/lib/thumb/v7e-m+fp/hard\libc_nano.a(libc_a-findfp.o)
                0x20000060                __sglue
 .data._impure_ptr
                0x2000006c        0x4 C:/ST/STM32CubeIDE_1.18.0/STM32CubeIDE/plugins/com.st.stm32cube.ide.mcu.externaltools.gnu-tools-for-stm32.13.3.rel1.win32_1.0.0.202411081344/tools/bin/../lib/gcc/arm-none-eabi/13.3.1/../../../../arm-none-eabi/lib/thumb/v7e-m+fp/hard\libc_nano.a(libc_a-impure.o)
                0x2000006c                _impure_ptr
 .data._impure_data
                0x20000070       0x4c C:/ST/STM32CubeIDE_1.18.0/STM32CubeIDE/plugins/com.st.stm32cube.ide.mcu.externaltools.gnu-tools-for-stm32.13.3.rel1.win32_1.0.0.202411081344/tools/bin/../lib/gcc/arm-none-eabi/13.3.1/../../../../arm-none-eabi/lib/thumb/v7e-m+fp/hard\libc_nano.a(libc_a-impure.o)
                0x20000070                _impure_data
 *(.RamFunc)
 *(.RamFunc*)
                0x200000bc                        . = ALIGN (0x4)
                0x200000bc                        _edata = .

.igot.plt       0x200000bc        0x0 load address 0x0801fb70
 .igot.plt      0x200000bc        0x0 C:/ST/STM32CubeIDE_1.18.0/STM32CubeIDE/plugins/com.st.stm32cube.ide.mcu.externaltools.gnu-tools-for-stm32.13.3.rel1.win32_1.0.0.202411081344/tools/bin/../lib/gcc/arm-none-eabi/13.3.1/thumb/v7e-m+fp/hard/crtbegin.o
                0x200000bc                        . = ALIGN (0x4)

.bss            0x200000bc     0x2de0 load address 0x0801fb70
                0x200000bc                        _sbss = .
                0x200000bc                        __bss_start__ = _sbss
 *(.bss)
 .bss           0x200000bc       0x1c C:/ST/STM32CubeIDE_1.18.0/STM32CubeIDE/plugins/com.st.stm32cube.ide.mcu.externaltools.gnu-tools-for-stm32.13.3.rel1.win32_1.0.0.202411081344/tools/bin/../lib/gcc/arm-none-eabi/13.3.1/thumb/v7e-m+fp/hard/crtbegin.o
 *(.bss*)
 .bss.htim2     0x200000d8       0x4c ./Core/Src/main.o
                0x200000d8                htim2
 .bss.Cap       0x20000124       0x10 ./Core/Src/main.o
                0x20000124                Cap
 .bss.Profile   0x20000134       0x14 ./Core/Src/main.o
                0x20000134                Profile
 .bss.appState  0x20000148        0x1 ./Core/Src/main.o
                0x20000148                appState
 *fill*         0x20000149        0x3 
 .bss.ld2PeriodCnt
                0x2000014c        0x4 ./Core/Src/main.o
                0x2000014c                ld2PeriodCnt
 .bss.ld2Period
                0x20000150        0x4 ./Core/Src/main.o
                0x20000150                ld2Period
 .bss.resultCnt
                0x20000154        0x4 ./Core/Src/main.o
                0x20000154                resultCnt
 .bss.input_user_buffer
                0x20000158      0x200 ./Core/Src/main.o
                0x20000158                input_user_buffer
 .bss.hi2c1     0x20000358       0x54 ./Core/Src/stm32l4xx_nucleo_bus.o
                0x20000358                hi2c1
 .bss.I2C1InitCounter
                0x200003ac        0x4 ./Core/Src/stm32l4xx_nucleo_bus.o
 .bss.__sbrk_heap_end
                0x200003b0        0x4 ./Core/Src/sysmem.o
 .bss.huart2    0x200003b4       0x88 ./Core/Src/usart.o
                0x200003b4                huart2
 .bss.VL53L8A1_RANGING_SENSOR_CompObj
                0x2000043c        0xc ./Drivers/BSP/53L8A1/53l8a1_ranging_sensor.o
                0x2000043c                VL53L8A1_RANGING_SENSOR_CompObj
 .bss.VL53L8A1_RANGING_SENSOR_Drv
                0x20000448        0x4 ./Drivers/BSP/53L8A1/53l8a1_ranging_sensor.o
 .bss.VL53L8A1_RANGING_SENSOR_Cap
                0x2000044c       0x10 ./Drivers/BSP/53L8A1/53l8a1_ranging_sensor.o
 .bss.VL53L8CXObj.0
                0x2000045c     0x20a0 ./Drivers/BSP/53L8A1/53l8a1_ranging_sensor.o
 .bss.thresholds.1
                0x200024fc      0x300 ./Drivers/BSP/Components/vl53l8cx/vl53l8cx.o
 .bss.data.0    0x200027fc      0x550 ./Drivers/BSP/Components/vl53l8cx/vl53l8cx.o
 .bss.uwTick    0x20002d4c        0x4 ./Drivers/STM32L4xx_HAL_Driver/Src/stm32l4xx_hal.o
                0x20002d4c                uwTick
 .bss.__sf      0x20002d50      0x138 C:/ST/STM32CubeIDE_1.18.0/STM32CubeIDE/plugins/com.st.stm32cube.ide.mcu.externaltools.gnu-tools-for-stm32.13.3.rel1.win32_1.0.0.202411081344/tools/bin/../lib/gcc/arm-none-eabi/13.3.1/../../../../arm-none-eabi/lib/thumb/v7e-m+fp/hard\libc_nano.a(libc_a-findfp.o)
                0x20002d50                __sf
 .bss.__stdio_exit_handler
                0x20002e88        0x4 C:/ST/STM32CubeIDE_1.18.0/STM32CubeIDE/plugins/com.st.stm32cube.ide.mcu.externaltools.gnu-tools-for-stm32.13.3.rel1.win32_1.0.0.202411081344/tools/bin/../lib/gcc/arm-none-eabi/13.3.1/../../../../arm-none-eabi/lib/thumb/v7e-m+fp/hard\libc_nano.a(libc_a-findfp.o)
                0x20002e88                __stdio_exit_handler
 .bss.errno     0x20002e8c        0x4 C:/ST/STM32CubeIDE_1.18.0/STM32CubeIDE/plugins/com.st.stm32cube.ide.mcu.externaltools.gnu-tools-for-stm32.13.3.rel1.win32_1.0.0.202411081344/tools/bin/../lib/gcc/arm-none-eabi/13.3.1/../../../../arm-none-eabi/lib/thumb/v7e-m+fp/hard\libc_nano.a(libc_a-reent.o)
                0x20002e8c                errno
 .bss.__lock___malloc_recursive_mutex
                0x20002e90        0x1 C:/ST/STM32CubeIDE_1.18.0/STM32CubeIDE/plugins/com.st.stm32cube.ide.mcu.externaltools.gnu-tools-for-stm32.13.3.rel1.win32_1.0.0.202411081344/tools/bin/../lib/gcc/arm-none-eabi/13.3.1/../../../../arm-none-eabi/lib/thumb/v7e-m+fp/hard\libc_nano.a(libc_a-lock.o)
                0x20002e90                __lock___malloc_recursive_mutex
 .bss.__lock___sfp_recursive_mutex
                0x20002e91        0x1 C:/ST/STM32CubeIDE_1.18.0/STM32CubeIDE/plugins/com.st.stm32cube.ide.mcu.externaltools.gnu-tools-for-stm32.13.3.rel1.win32_1.0.0.202411081344/tools/bin/../lib/gcc/arm-none-eabi/13.3.1/../../../../arm-none-eabi/lib/thumb/v7e-m+fp/hard\libc_nano.a(libc_a-lock.o)
                0x20002e91                __lock___sfp_recursive_mutex
 *fill*         0x20002e92        0x2 
 .bss.__malloc_sbrk_start
                0x20002e94        0x4 C:/ST/STM32CubeIDE_1.18.0/STM32CubeIDE/plugins/com.st.stm32cube.ide.mcu.externaltools.gnu-tools-for-stm32.13.3.rel1.win32_1.0.0.202411081344/tools/bin/../lib/gcc/arm-none-eabi/13.3.1/../../../../arm-none-eabi/lib/thumb/v7e-m+fp/hard\libc_nano.a(libc_a-mallocr.o)
                0x20002e94                __malloc_sbrk_start
 .bss.__malloc_free_list
                0x20002e98        0x4 C:/ST/STM32CubeIDE_1.18.0/STM32CubeIDE/plugins/com.st.stm32cube.ide.mcu.externaltools.gnu-tools-for-stm32.13.3.rel1.win32_1.0.0.202411081344/tools/bin/../lib/gcc/arm-none-eabi/13.3.1/../../../../arm-none-eabi/lib/thumb/v7e-m+fp/hard\libc_nano.a(libc_a-mallocr.o)
                0x20002e98                __malloc_free_list
 *(COMMON)
                0x20002e9c                        . = ALIGN (0x4)
                0x20002e9c                        _ebss = .
                0x20002e9c                        __bss_end__ = _ebss

._user_heap_stack
                0x20002e9c      0x604 load address 0x0801fb70
                0x20002ea0                        . = ALIGN (0x8)
 *fill*         0x20002e9c        0x4 
                [!provide]                        PROVIDE (end = .)
                0x20002ea0                        PROVIDE (_end = .)
                0x200030a0                        . = (. + _Min_Heap_Size)
 *fill*         0x20002ea0      0x200 
                0x200034a0                        . = (. + _Min_Stack_Size)
 *fill*         0x200030a0      0x400 
                0x200034a0                        . = ALIGN (0x8)

/DISCARD/
 libc.a(*)
 libm.a(*)
 libgcc.a(*)

.ARM.attributes
                0x00000000       0x30
 *(.ARM.attributes)
 .ARM.attributes
                0x00000000       0x22 C:/ST/STM32CubeIDE_1.18.0/STM32CubeIDE/plugins/com.st.stm32cube.ide.mcu.externaltools.gnu-tools-for-stm32.13.3.rel1.win32_1.0.0.202411081344/tools/bin/../lib/gcc/arm-none-eabi/13.3.1/thumb/v7e-m+fp/hard/crti.o
 .ARM.attributes
                0x00000022       0x34 C:/ST/STM32CubeIDE_1.18.0/STM32CubeIDE/plugins/com.st.stm32cube.ide.mcu.externaltools.gnu-tools-for-stm32.13.3.rel1.win32_1.0.0.202411081344/tools/bin/../lib/gcc/arm-none-eabi/13.3.1/thumb/v7e-m+fp/hard/crtbegin.o
 .ARM.attributes
                0x00000056       0x34 ./Core/Src/gpio.o
 .ARM.attributes
                0x0000008a       0x34 ./Core/Src/main.o
 .ARM.attributes
                0x000000be       0x34 ./Core/Src/stm32l4xx_hal_msp.o
 .ARM.attributes
                0x000000f2       0x34 ./Core/Src/stm32l4xx_it.o
 .ARM.attributes
                0x00000126       0x34 ./Core/Src/stm32l4xx_nucleo_bus.o
 .ARM.attributes
                0x0000015a       0x34 ./Core/Src/syscalls.o
 .ARM.attributes
                0x0000018e       0x34 ./Core/Src/sysmem.o
 .ARM.attributes
                0x000001c2       0x34 ./Core/Src/system_stm32l4xx.o
 .ARM.attributes
                0x000001f6       0x34 ./Core/Src/usart.o
 .ARM.attributes
                0x0000022a       0x21 ./Core/Startup/startup_stm32l476rgtx.o
 .ARM.attributes
                0x0000024b       0x34 ./Drivers/BSP/53L8A1/53l8a1_ranging_sensor.o
 .ARM.attributes
                0x0000027f       0x34 ./Drivers/BSP/Components/vl53l8cx/modules/vl53l8cx_api.o
 .ARM.attributes
                0x000002b3       0x34 ./Drivers/BSP/Components/vl53l8cx/modules/vl53l8cx_plugin_detection_thresholds.o
 .ARM.attributes
                0x000002e7       0x34 ./Drivers/BSP/Components/vl53l8cx/porting/platform.o
 .ARM.attributes
                0x0000031b       0x34 ./Drivers/BSP/Components/vl53l8cx/vl53l8cx.o
 .ARM.attributes
                0x0000034f       0x34 ./Drivers/STM32L4xx_HAL_Driver/Src/stm32l4xx_hal.o
 .ARM.attributes
                0x00000383       0x34 ./Drivers/STM32L4xx_HAL_Driver/Src/stm32l4xx_hal_cortex.o
 .ARM.attributes
                0x000003b7       0x34 ./Drivers/STM32L4xx_HAL_Driver/Src/stm32l4xx_hal_gpio.o
 .ARM.attributes
                0x000003eb       0x34 ./Drivers/STM32L4xx_HAL_Driver/Src/stm32l4xx_hal_i2c.o
 .ARM.attributes
                0x0000041f       0x34 ./Drivers/STM32L4xx_HAL_Driver/Src/stm32l4xx_hal_i2c_ex.o
 .ARM.attributes
                0x00000453       0x34 ./Drivers/STM32L4xx_HAL_Driver/Src/stm32l4xx_hal_pwr_ex.o
 .ARM.attributes
                0x00000487       0x34 ./Drivers/STM32L4xx_HAL_Driver/Src/stm32l4xx_hal_rcc.o
 .ARM.attributes
                0x000004bb       0x34 ./Drivers/STM32L4xx_HAL_Driver/Src/stm32l4xx_hal_rcc_ex.o
 .ARM.attributes
                0x000004ef       0x34 ./Drivers/STM32L4xx_HAL_Driver/Src/stm32l4xx_hal_tim.o
 .ARM.attributes
                0x00000523       0x34 ./Drivers/STM32L4xx_HAL_Driver/Src/stm32l4xx_hal_tim_ex.o
 .ARM.attributes
                0x00000557       0x34 ./Drivers/STM32L4xx_HAL_Driver/Src/stm32l4xx_hal_uart.o
 .ARM.attributes
                0x0000058b       0x34 C:/ST/STM32CubeIDE_1.18.0/STM32CubeIDE/plugins/com.st.stm32cube.ide.mcu.externaltools.gnu-tools-for-stm32.13.3.rel1.win32_1.0.0.202411081344/tools/bin/../lib/gcc/arm-none-eabi/13.3.1/../../../../arm-none-eabi/lib/thumb/v7e-m+fp/hard\libc_nano.a(libc_a-findfp.o)
 .ARM.attributes
                0x000005bf       0x34 C:/ST/STM32CubeIDE_1.18.0/STM32CubeIDE/plugins/com.st.stm32cube.ide.mcu.externaltools.gnu-tools-for-stm32.13.3.rel1.win32_1.0.0.202411081344/tools/bin/../lib/gcc/arm-none-eabi/13.3.1/../../../../arm-none-eabi/lib/thumb/v7e-m+fp/hard\libc_nano.a(libc_a-fwalk.o)
 .ARM.attributes
                0x000005f3       0x34 C:/ST/STM32CubeIDE_1.18.0/STM32CubeIDE/plugins/com.st.stm32cube.ide.mcu.externaltools.gnu-tools-for-stm32.13.3.rel1.win32_1.0.0.202411081344/tools/bin/../lib/gcc/arm-none-eabi/13.3.1/../../../../arm-none-eabi/lib/thumb/v7e-m+fp/hard\libc_nano.a(libc_a-printf.o)
 .ARM.attributes
                0x00000627       0x34 C:/ST/STM32CubeIDE_1.18.0/STM32CubeIDE/plugins/com.st.stm32cube.ide.mcu.externaltools.gnu-tools-for-stm32.13.3.rel1.win32_1.0.0.202411081344/tools/bin/../lib/gcc/arm-none-eabi/13.3.1/../../../../arm-none-eabi/lib/thumb/v7e-m+fp/hard\libc_nano.a(libc_a-puts.o)
 .ARM.attributes
                0x0000065b       0x34 C:/ST/STM32CubeIDE_1.18.0/STM32CubeIDE/plugins/com.st.stm32cube.ide.mcu.externaltools.gnu-tools-for-stm32.13.3.rel1.win32_1.0.0.202411081344/tools/bin/../lib/gcc/arm-none-eabi/13.3.1/../../../../arm-none-eabi/lib/thumb/v7e-m+fp/hard\libc_nano.a(libc_a-stdio.o)
 .ARM.attributes
                0x0000068f       0x34 C:/ST/STM32CubeIDE_1.18.0/STM32CubeIDE/plugins/com.st.stm32cube.ide.mcu.externaltools.gnu-tools-for-stm32.13.3.rel1.win32_1.0.0.202411081344/tools/bin/../lib/gcc/arm-none-eabi/13.3.1/../../../../arm-none-eabi/lib/thumb/v7e-m+fp/hard\libc_nano.a(libc_a-wbuf.o)
 .ARM.attributes
                0x000006c3       0x34 C:/ST/STM32CubeIDE_1.18.0/STM32CubeIDE/plugins/com.st.stm32cube.ide.mcu.externaltools.gnu-tools-for-stm32.13.3.rel1.win32_1.0.0.202411081344/tools/bin/../lib/gcc/arm-none-eabi/13.3.1/../../../../arm-none-eabi/lib/thumb/v7e-m+fp/hard\libc_nano.a(libc_a-wsetup.o)
 .ARM.attributes
                0x000006f7       0x34 C:/ST/STM32CubeIDE_1.18.0/STM32CubeIDE/plugins/com.st.stm32cube.ide.mcu.externaltools.gnu-tools-for-stm32.13.3.rel1.win32_1.0.0.202411081344/tools/bin/../lib/gcc/arm-none-eabi/13.3.1/../../../../arm-none-eabi/lib/thumb/v7e-m+fp/hard\libc_nano.a(libc_a-memset.o)
 .ARM.attributes
                0x0000072b       0x34 C:/ST/STM32CubeIDE_1.18.0/STM32CubeIDE/plugins/com.st.stm32cube.ide.mcu.externaltools.gnu-tools-for-stm32.13.3.rel1.win32_1.0.0.202411081344/tools/bin/../lib/gcc/arm-none-eabi/13.3.1/../../../../arm-none-eabi/lib/thumb/v7e-m+fp/hard\libc_nano.a(libc_a-closer.o)
 .ARM.attributes
                0x0000075f       0x34 C:/ST/STM32CubeIDE_1.18.0/STM32CubeIDE/plugins/com.st.stm32cube.ide.mcu.externaltools.gnu-tools-for-stm32.13.3.rel1.win32_1.0.0.202411081344/tools/bin/../lib/gcc/arm-none-eabi/13.3.1/../../../../arm-none-eabi/lib/thumb/v7e-m+fp/hard\libc_nano.a(libc_a-reent.o)
 .ARM.attributes
                0x00000793       0x34 C:/ST/STM32CubeIDE_1.18.0/STM32CubeIDE/plugins/com.st.stm32cube.ide.mcu.externaltools.gnu-tools-for-stm32.13.3.rel1.win32_1.0.0.202411081344/tools/bin/../lib/gcc/arm-none-eabi/13.3.1/../../../../arm-none-eabi/lib/thumb/v7e-m+fp/hard\libc_nano.a(libc_a-impure.o)
 .ARM.attributes
                0x000007c7       0x34 C:/ST/STM32CubeIDE_1.18.0/STM32CubeIDE/plugins/com.st.stm32cube.ide.mcu.externaltools.gnu-tools-for-stm32.13.3.rel1.win32_1.0.0.202411081344/tools/bin/../lib/gcc/arm-none-eabi/13.3.1/../../../../arm-none-eabi/lib/thumb/v7e-m+fp/hard\libc_nano.a(libc_a-lseekr.o)
 .ARM.attributes
                0x000007fb       0x34 C:/ST/STM32CubeIDE_1.18.0/STM32CubeIDE/plugins/com.st.stm32cube.ide.mcu.externaltools.gnu-tools-for-stm32.13.3.rel1.win32_1.0.0.202411081344/tools/bin/../lib/gcc/arm-none-eabi/13.3.1/../../../../arm-none-eabi/lib/thumb/v7e-m+fp/hard\libc_nano.a(libc_a-readr.o)
 .ARM.attributes
                0x0000082f       0x34 C:/ST/STM32CubeIDE_1.18.0/STM32CubeIDE/plugins/com.st.stm32cube.ide.mcu.externaltools.gnu-tools-for-stm32.13.3.rel1.win32_1.0.0.202411081344/tools/bin/../lib/gcc/arm-none-eabi/13.3.1/../../../../arm-none-eabi/lib/thumb/v7e-m+fp/hard\libc_nano.a(libc_a-writer.o)
 .ARM.attributes
                0x00000863       0x34 C:/ST/STM32CubeIDE_1.18.0/STM32CubeIDE/plugins/com.st.stm32cube.ide.mcu.externaltools.gnu-tools-for-stm32.13.3.rel1.win32_1.0.0.202411081344/tools/bin/../lib/gcc/arm-none-eabi/13.3.1/../../../../arm-none-eabi/lib/thumb/v7e-m+fp/hard\libc_nano.a(libc_a-errno.o)
 .ARM.attributes
                0x00000897       0x34 C:/ST/STM32CubeIDE_1.18.0/STM32CubeIDE/plugins/com.st.stm32cube.ide.mcu.externaltools.gnu-tools-for-stm32.13.3.rel1.win32_1.0.0.202411081344/tools/bin/../lib/gcc/arm-none-eabi/13.3.1/../../../../arm-none-eabi/lib/thumb/v7e-m+fp/hard\libc_nano.a(libc_a-init.o)
 .ARM.attributes
                0x000008cb       0x34 C:/ST/STM32CubeIDE_1.18.0/STM32CubeIDE/plugins/com.st.stm32cube.ide.mcu.externaltools.gnu-tools-for-stm32.13.3.rel1.win32_1.0.0.202411081344/tools/bin/../lib/gcc/arm-none-eabi/13.3.1/../../../../arm-none-eabi/lib/thumb/v7e-m+fp/hard\libc_nano.a(libc_a-lock.o)
 .ARM.attributes
                0x000008ff       0x34 C:/ST/STM32CubeIDE_1.18.0/STM32CubeIDE/plugins/com.st.stm32cube.ide.mcu.externaltools.gnu-tools-for-stm32.13.3.rel1.win32_1.0.0.202411081344/tools/bin/../lib/gcc/arm-none-eabi/13.3.1/../../../../arm-none-eabi/lib/thumb/v7e-m+fp/hard\libc_nano.a(libc_a-memcpy-stub.o)
 .ARM.attributes
                0x00000933       0x34 C:/ST/STM32CubeIDE_1.18.0/STM32CubeIDE/plugins/com.st.stm32cube.ide.mcu.externaltools.gnu-tools-for-stm32.13.3.rel1.win32_1.0.0.202411081344/tools/bin/../lib/gcc/arm-none-eabi/13.3.1/../../../../arm-none-eabi/lib/thumb/v7e-m+fp/hard\libc_nano.a(libc_a-freer.o)
 .ARM.attributes
                0x00000967       0x34 C:/ST/STM32CubeIDE_1.18.0/STM32CubeIDE/plugins/com.st.stm32cube.ide.mcu.externaltools.gnu-tools-for-stm32.13.3.rel1.win32_1.0.0.202411081344/tools/bin/../lib/gcc/arm-none-eabi/13.3.1/../../../../arm-none-eabi/lib/thumb/v7e-m+fp/hard\libc_nano.a(libc_a-mallocr.o)
 .ARM.attributes
                0x0000099b       0x34 C:/ST/STM32CubeIDE_1.18.0/STM32CubeIDE/plugins/com.st.stm32cube.ide.mcu.externaltools.gnu-tools-for-stm32.13.3.rel1.win32_1.0.0.202411081344/tools/bin/../lib/gcc/arm-none-eabi/13.3.1/../../../../arm-none-eabi/lib/thumb/v7e-m+fp/hard\libc_nano.a(libc_a-mlock.o)
 .ARM.attributes
                0x000009cf       0x34 C:/ST/STM32CubeIDE_1.18.0/STM32CubeIDE/plugins/com.st.stm32cube.ide.mcu.externaltools.gnu-tools-for-stm32.13.3.rel1.win32_1.0.0.202411081344/tools/bin/../lib/gcc/arm-none-eabi/13.3.1/../../../../arm-none-eabi/lib/thumb/v7e-m+fp/hard\libc_nano.a(libc_a-nano-vfprintf.o)
 .ARM.attributes
                0x00000a03       0x34 C:/ST/STM32CubeIDE_1.18.0/STM32CubeIDE/plugins/com.st.stm32cube.ide.mcu.externaltools.gnu-tools-for-stm32.13.3.rel1.win32_1.0.0.202411081344/tools/bin/../lib/gcc/arm-none-eabi/13.3.1/../../../../arm-none-eabi/lib/thumb/v7e-m+fp/hard\libc_nano.a(libc_a-nano-vfprintf_i.o)
 .ARM.attributes
                0x00000a37       0x34 C:/ST/STM32CubeIDE_1.18.0/STM32CubeIDE/plugins/com.st.stm32cube.ide.mcu.externaltools.gnu-tools-for-stm32.13.3.rel1.win32_1.0.0.202411081344/tools/bin/../lib/gcc/arm-none-eabi/13.3.1/../../../../arm-none-eabi/lib/thumb/v7e-m+fp/hard\libc_nano.a(libc_a-fflush.o)
 .ARM.attributes
                0x00000a6b       0x34 C:/ST/STM32CubeIDE_1.18.0/STM32CubeIDE/plugins/com.st.stm32cube.ide.mcu.externaltools.gnu-tools-for-stm32.13.3.rel1.win32_1.0.0.202411081344/tools/bin/../lib/gcc/arm-none-eabi/13.3.1/../../../../arm-none-eabi/lib/thumb/v7e-m+fp/hard\libc_nano.a(libc_a-makebuf.o)
 .ARM.attributes
                0x00000a9f       0x34 C:/ST/STM32CubeIDE_1.18.0/STM32CubeIDE/plugins/com.st.stm32cube.ide.mcu.externaltools.gnu-tools-for-stm32.13.3.rel1.win32_1.0.0.202411081344/tools/bin/../lib/gcc/arm-none-eabi/13.3.1/../../../../arm-none-eabi/lib/thumb/v7e-m+fp/hard\libc_nano.a(libc_a-fstatr.o)
 .ARM.attributes
                0x00000ad3       0x34 C:/ST/STM32CubeIDE_1.18.0/STM32CubeIDE/plugins/com.st.stm32cube.ide.mcu.externaltools.gnu-tools-for-stm32.13.3.rel1.win32_1.0.0.202411081344/tools/bin/../lib/gcc/arm-none-eabi/13.3.1/../../../../arm-none-eabi/lib/thumb/v7e-m+fp/hard\libc_nano.a(libc_a-isattyr.o)
 .ARM.attributes
                0x00000b07       0x34 C:/ST/STM32CubeIDE_1.18.0/STM32CubeIDE/plugins/com.st.stm32cube.ide.mcu.externaltools.gnu-tools-for-stm32.13.3.rel1.win32_1.0.0.202411081344/tools/bin/../lib/gcc/arm-none-eabi/13.3.1/../../../../arm-none-eabi/lib/thumb/v7e-m+fp/hard\libc_nano.a(libc_a-sbrkr.o)
 .ARM.attributes
                0x00000b3b       0x1c C:/ST/STM32CubeIDE_1.18.0/STM32CubeIDE/plugins/com.st.stm32cube.ide.mcu.externaltools.gnu-tools-for-stm32.13.3.rel1.win32_1.0.0.202411081344/tools/bin/../lib/gcc/arm-none-eabi/13.3.1/../../../../arm-none-eabi/lib/thumb/v7e-m+fp/hard\libc_nano.a(libc_a-memchr.o)
 .ARM.attributes
                0x00000b57       0x22 C:/ST/STM32CubeIDE_1.18.0/STM32CubeIDE/plugins/com.st.stm32cube.ide.mcu.externaltools.gnu-tools-for-stm32.13.3.rel1.win32_1.0.0.202411081344/tools/bin/../lib/gcc/arm-none-eabi/13.3.1/thumb/v7e-m+fp/hard\libgcc.a(_aeabi_uldivmod.o)
 .ARM.attributes
                0x00000b79       0x34 C:/ST/STM32CubeIDE_1.18.0/STM32CubeIDE/plugins/com.st.stm32cube.ide.mcu.externaltools.gnu-tools-for-stm32.13.3.rel1.win32_1.0.0.202411081344/tools/bin/../lib/gcc/arm-none-eabi/13.3.1/thumb/v7e-m+fp/hard\libgcc.a(_udivmoddi4.o)
 .ARM.attributes
                0x00000bad       0x22 C:/ST/STM32CubeIDE_1.18.0/STM32CubeIDE/plugins/com.st.stm32cube.ide.mcu.externaltools.gnu-tools-for-stm32.13.3.rel1.win32_1.0.0.202411081344/tools/bin/../lib/gcc/arm-none-eabi/13.3.1/thumb/v7e-m+fp/hard\libgcc.a(_dvmd_tls.o)
 .ARM.attributes
                0x00000bcf       0x22 C:/ST/STM32CubeIDE_1.18.0/STM32CubeIDE/plugins/com.st.stm32cube.ide.mcu.externaltools.gnu-tools-for-stm32.13.3.rel1.win32_1.0.0.202411081344/tools/bin/../lib/gcc/arm-none-eabi/13.3.1/thumb/v7e-m+fp/hard/crtn.o
OUTPUT(STM32L476_VL53L8CX.elf elf32-littlearm)
LOAD linker stubs
LOAD C:/ST/STM32CubeIDE_1.18.0/STM32CubeIDE/plugins/com.st.stm32cube.ide.mcu.externaltools.gnu-tools-for-stm32.13.3.rel1.win32_1.0.0.202411081344/tools/bin/../lib/gcc/arm-none-eabi/13.3.1/../../../../arm-none-eabi/lib/thumb/v7e-m+fp/hard\libc.a
LOAD C:/ST/STM32CubeIDE_1.18.0/STM32CubeIDE/plugins/com.st.stm32cube.ide.mcu.externaltools.gnu-tools-for-stm32.13.3.rel1.win32_1.0.0.202411081344/tools/bin/../lib/gcc/arm-none-eabi/13.3.1/../../../../arm-none-eabi/lib/thumb/v7e-m+fp/hard\libm.a
LOAD C:/ST/STM32CubeIDE_1.18.0/STM32CubeIDE/plugins/com.st.stm32cube.ide.mcu.externaltools.gnu-tools-for-stm32.13.3.rel1.win32_1.0.0.202411081344/tools/bin/../lib/gcc/arm-none-eabi/13.3.1/thumb/v7e-m+fp/hard\libgcc.a

.debug_info     0x00000000    0x17c3d
 .debug_info    0x00000000      0x723 ./Core/Src/gpio.o
 .debug_info    0x00000723     0x1997 ./Core/Src/main.o
 .debug_info    0x000020ba      0x301 ./Core/Src/stm32l4xx_hal_msp.o
 .debug_info    0x000023bb      0x190 ./Core/Src/stm32l4xx_it.o
 .debug_info    0x0000254b     0x1166 ./Core/Src/stm32l4xx_nucleo_bus.o
 .debug_info    0x000036b1      0x6a3 ./Core/Src/syscalls.o
 .debug_info    0x00003d54      0x168 ./Core/Src/sysmem.o
 .debug_info    0x00003ebc      0x5e2 ./Core/Src/system_stm32l4xx.o
 .debug_info    0x0000449e      0xd0d ./Core/Src/usart.o
 .debug_info    0x000051ab       0x30 ./Core/Startup/startup_stm32l476rgtx.o
 .debug_info    0x000051db      0xffb ./Drivers/BSP/53L8A1/53l8a1_ranging_sensor.o
 .debug_info    0x000061d6     0x1299 ./Drivers/BSP/Components/vl53l8cx/modules/vl53l8cx_api.o
 .debug_info    0x0000746f      0x519 ./Drivers/BSP/Components/vl53l8cx/modules/vl53l8cx_plugin_detection_thresholds.o
 .debug_info    0x00007988      0x335 ./Drivers/BSP/Components/vl53l8cx/porting/platform.o
 .debug_info    0x00007cbd     0x1199 ./Drivers/BSP/Components/vl53l8cx/vl53l8cx.o
 .debug_info    0x00008e56      0xc4d ./Drivers/STM32L4xx_HAL_Driver/Src/stm32l4xx_hal.o
 .debug_info    0x00009aa3      0xdad ./Drivers/STM32L4xx_HAL_Driver/Src/stm32l4xx_hal_cortex.o
 .debug_info    0x0000a850      0x79f ./Drivers/STM32L4xx_HAL_Driver/Src/stm32l4xx_hal_gpio.o
 .debug_info    0x0000afef     0x20fc ./Drivers/STM32L4xx_HAL_Driver/Src/stm32l4xx_hal_i2c.o
 .debug_info    0x0000d0eb      0x99f ./Drivers/STM32L4xx_HAL_Driver/Src/stm32l4xx_hal_i2c_ex.o
 .debug_info    0x0000da8a      0x9ca ./Drivers/STM32L4xx_HAL_Driver/Src/stm32l4xx_hal_pwr_ex.o
 .debug_info    0x0000e454      0xc45 ./Drivers/STM32L4xx_HAL_Driver/Src/stm32l4xx_hal_rcc.o
 .debug_info    0x0000f099      0xe58 ./Drivers/STM32L4xx_HAL_Driver/Src/stm32l4xx_hal_rcc_ex.o
 .debug_info    0x0000fef1     0x2ade ./Drivers/STM32L4xx_HAL_Driver/Src/stm32l4xx_hal_tim.o
 .debug_info    0x000129cf     0x16e0 ./Drivers/STM32L4xx_HAL_Driver/Src/stm32l4xx_hal_tim_ex.o
 .debug_info    0x000140af     0x3b8e ./Drivers/STM32L4xx_HAL_Driver/Src/stm32l4xx_hal_uart.o

.debug_abbrev   0x00000000     0x3430
 .debug_abbrev  0x00000000      0x161 ./Core/Src/gpio.o
 .debug_abbrev  0x00000161      0x3b8 ./Core/Src/main.o
 .debug_abbrev  0x00000519       0xdd ./Core/Src/stm32l4xx_hal_msp.o
 .debug_abbrev  0x000005f6       0xca ./Core/Src/stm32l4xx_it.o
 .debug_abbrev  0x000006c0      0x299 ./Core/Src/stm32l4xx_nucleo_bus.o
 .debug_abbrev  0x00000959      0x1b6 ./Core/Src/syscalls.o
 .debug_abbrev  0x00000b0f       0xbc ./Core/Src/sysmem.o
 .debug_abbrev  0x00000bcb      0x117 ./Core/Src/system_stm32l4xx.o
 .debug_abbrev  0x00000ce2      0x1f4 ./Core/Src/usart.o
 .debug_abbrev  0x00000ed6       0x24 ./Core/Startup/startup_stm32l476rgtx.o
 .debug_abbrev  0x00000efa      0x264 ./Drivers/BSP/53L8A1/53l8a1_ranging_sensor.o
 .debug_abbrev  0x0000115e      0x2b3 ./Drivers/BSP/Components/vl53l8cx/modules/vl53l8cx_api.o
 .debug_abbrev  0x00001411      0x168 ./Drivers/BSP/Components/vl53l8cx/modules/vl53l8cx_plugin_detection_thresholds.o
 .debug_abbrev  0x00001579      0x10c ./Drivers/BSP/Components/vl53l8cx/porting/platform.o
 .debug_abbrev  0x00001685      0x2b1 ./Drivers/BSP/Components/vl53l8cx/vl53l8cx.o
 .debug_abbrev  0x00001936      0x243 ./Drivers/STM32L4xx_HAL_Driver/Src/stm32l4xx_hal.o
 .debug_abbrev  0x00001b79      0x31c ./Drivers/STM32L4xx_HAL_Driver/Src/stm32l4xx_hal_cortex.o
 .debug_abbrev  0x00001e95      0x1d1 ./Drivers/STM32L4xx_HAL_Driver/Src/stm32l4xx_hal_gpio.o
 .debug_abbrev  0x00002066      0x285 ./Drivers/STM32L4xx_HAL_Driver/Src/stm32l4xx_hal_i2c.o
 .debug_abbrev  0x000022eb      0x1cb ./Drivers/STM32L4xx_HAL_Driver/Src/stm32l4xx_hal_i2c_ex.o
 .debug_abbrev  0x000024b6      0x1f9 ./Drivers/STM32L4xx_HAL_Driver/Src/stm32l4xx_hal_pwr_ex.o
 .debug_abbrev  0x000026af      0x2dc ./Drivers/STM32L4xx_HAL_Driver/Src/stm32l4xx_hal_rcc.o
 .debug_abbrev  0x0000298b      0x2a5 ./Drivers/STM32L4xx_HAL_Driver/Src/stm32l4xx_hal_rcc_ex.o
 .debug_abbrev  0x00002c30      0x289 ./Drivers/STM32L4xx_HAL_Driver/Src/stm32l4xx_hal_tim.o
 .debug_abbrev  0x00002eb9      0x284 ./Drivers/STM32L4xx_HAL_Driver/Src/stm32l4xx_hal_tim_ex.o
 .debug_abbrev  0x0000313d      0x2f3 ./Drivers/STM32L4xx_HAL_Driver/Src/stm32l4xx_hal_uart.o

.debug_aranges  0x00000000     0x15c8
 .debug_aranges
                0x00000000       0x20 ./Core/Src/gpio.o
 .debug_aranges
                0x00000020       0x98 ./Core/Src/main.o
 .debug_aranges
                0x000000b8       0x20 ./Core/Src/stm32l4xx_hal_msp.o
 .debug_aranges
                0x000000d8       0x68 ./Core/Src/stm32l4xx_it.o
 .debug_aranges
                0x00000140       0x80 ./Core/Src/stm32l4xx_nucleo_bus.o
 .debug_aranges
                0x000001c0       0xa8 ./Core/Src/syscalls.o
 .debug_aranges
                0x00000268       0x20 ./Core/Src/sysmem.o
 .debug_aranges
                0x00000288       0x28 ./Core/Src/system_stm32l4xx.o
 .debug_aranges
                0x000002b0       0x30 ./Core/Src/usart.o
 .debug_aranges
                0x000002e0       0x28 ./Core/Startup/startup_stm32l476rgtx.o
 .debug_aranges
                0x00000308       0x98 ./Drivers/BSP/53L8A1/53l8a1_ranging_sensor.o
 .debug_aranges
                0x000003a0      0x118 ./Drivers/BSP/Components/vl53l8cx/modules/vl53l8cx_api.o
 .debug_aranges
                0x000004b8       0x48 ./Drivers/BSP/Components/vl53l8cx/modules/vl53l8cx_plugin_detection_thresholds.o
 .debug_aranges
                0x00000500       0x48 ./Drivers/BSP/Components/vl53l8cx/porting/platform.o
 .debug_aranges