../Core/Src/main.c:57:5:_write	24	static
../Core/Src/main.c:91:9:Platform_WriteReg	40	static
../Core/Src/main.c:100:9:Platform_ReadReg	40	static
../Core/Src/main.c:109:9:Platform_Init	4	static
../Core/Src/main.c:110:9:Platform_DeInit	4	static
../Core/Src/main.c:111:6:BSP_Sensors_Init	72	static
../Core/Src/main.c:160:6:Scan_I2C_Bus	16	static
../Core/Src/main.c:196:5:main	80	static
../Core/Src/main.c:294:6:SystemClock_Config	88	static
../Core/Src/main.c:341:13:MX_I2C1_Init	8	static
../Core/Src/main.c:375:13:MX_USART2_UART_Init	8	static
../Core/Src/main.c:408:13:MX_GPIO_Init	48	static
../Core/Src/main.c:450:6:Error_Handler	4	static,ignoring_inline_asm
